Archive member included to satisfy reference by file (symbol)

C:/Users/Administrador/.pico-sdk/toolchain/13_3_Rel1/bin/../lib/gcc/arm-none-eabi/13.3.1/thumb/v6-m/nofp\libgcc.a(_dvmd_tls.o)
                              CMakeFiles/ServoPWM.dir/C_/Users/Administrador/.pico-sdk/sdk/2.1.0/src/rp2_common/pico_divider/divider_hardware.S.obj (__aeabi_idiv0)
C:/Users/Administrador/.pico-sdk/toolchain/13_3_Rel1/bin/../lib/gcc/arm-none-eabi/13.3.1/thumb/v6-m/nofp\libg.a(libc_a-calloc.o)
                              CMakeFiles/ServoPWM.dir/C_/Users/Administrador/.pico-sdk/sdk/2.1.0/src/rp2_common/pico_malloc/malloc.c.obj (calloc)
C:/Users/Administrador/.pico-sdk/toolchain/13_3_Rel1/bin/../lib/gcc/arm-none-eabi/13.3.1/thumb/v6-m/nofp\libg.a(libc_a-callocr.o)
                              C:/Users/Administrador/.pico-sdk/toolchain/13_3_Rel1/bin/../lib/gcc/arm-none-eabi/13.3.1/thumb/v6-m/nofp\libg.a(libc_a-calloc.o) (_calloc_r)
C:/Users/Administrador/.pico-sdk/toolchain/13_3_Rel1/bin/../lib/gcc/arm-none-eabi/13.3.1/thumb/v6-m/nofp\libg.a(libc_a-malloc.o)
                              CMakeFiles/ServoPWM.dir/C_/Users/Administrador/.pico-sdk/sdk/2.1.0/src/rp2_common/pico_malloc/malloc.c.obj (malloc)
C:/Users/Administrador/.pico-sdk/toolchain/13_3_Rel1/bin/../lib/gcc/arm-none-eabi/13.3.1/thumb/v6-m/nofp\libg.a(libc_a-mallocr.o)
                              C:/Users/Administrador/.pico-sdk/toolchain/13_3_Rel1/bin/../lib/gcc/arm-none-eabi/13.3.1/thumb/v6-m/nofp\libg.a(libc_a-callocr.o) (_malloc_r)
C:/Users/Administrador/.pico-sdk/toolchain/13_3_Rel1/bin/../lib/gcc/arm-none-eabi/13.3.1/thumb/v6-m/nofp\libg.a(libc_a-mlock.o)
                              C:/Users/Administrador/.pico-sdk/toolchain/13_3_Rel1/bin/../lib/gcc/arm-none-eabi/13.3.1/thumb/v6-m/nofp\libg.a(libc_a-mallocr.o) (__malloc_lock)
C:/Users/Administrador/.pico-sdk/toolchain/13_3_Rel1/bin/../lib/gcc/arm-none-eabi/13.3.1/thumb/v6-m/nofp\libg.a(libc_a-realloc.o)
                              CMakeFiles/ServoPWM.dir/C_/Users/Administrador/.pico-sdk/sdk/2.1.0/src/rp2_common/pico_malloc/malloc.c.obj (realloc)
C:/Users/Administrador/.pico-sdk/toolchain/13_3_Rel1/bin/../lib/gcc/arm-none-eabi/13.3.1/thumb/v6-m/nofp\libg.a(libc_a-reallocr.o)
                              C:/Users/Administrador/.pico-sdk/toolchain/13_3_Rel1/bin/../lib/gcc/arm-none-eabi/13.3.1/thumb/v6-m/nofp\libg.a(libc_a-realloc.o) (_realloc_r)
C:/Users/Administrador/.pico-sdk/toolchain/13_3_Rel1/bin/../lib/gcc/arm-none-eabi/13.3.1/thumb/v6-m/nofp\libg.a(libc_a-memcmp.o)
                              CMakeFiles/ServoPWM.dir/C_/Users/Administrador/.pico-sdk/sdk/2.1.0/src/rp2_common/pico_atomic/atomic.c.obj (memcmp)
C:/Users/Administrador/.pico-sdk/toolchain/13_3_Rel1/bin/../lib/gcc/arm-none-eabi/13.3.1/thumb/v6-m/nofp\libg.a(libc_a-memmove.o)
                              C:/Users/Administrador/.pico-sdk/toolchain/13_3_Rel1/bin/../lib/gcc/arm-none-eabi/13.3.1/thumb/v6-m/nofp\libg.a(libc_a-reallocr.o) (memmove)
C:/Users/Administrador/.pico-sdk/toolchain/13_3_Rel1/bin/../lib/gcc/arm-none-eabi/13.3.1/thumb/v6-m/nofp\libg.a(libc_a-lcltime_r.o)
                              CMakeFiles/ServoPWM.dir/C_/Users/Administrador/.pico-sdk/sdk/2.1.0/src/common/pico_util/datetime.c.obj (localtime_r)
C:/Users/Administrador/.pico-sdk/toolchain/13_3_Rel1/bin/../lib/gcc/arm-none-eabi/13.3.1/thumb/v6-m/nofp\libg.a(libc_a-mktime.o)
                              CMakeFiles/ServoPWM.dir/C_/Users/Administrador/.pico-sdk/sdk/2.1.0/src/common/pico_util/datetime.c.obj (mktime)
C:/Users/Administrador/.pico-sdk/toolchain/13_3_Rel1/bin/../lib/gcc/arm-none-eabi/13.3.1/thumb/v6-m/nofp\libg.a(libc_a-month_lengths.o)
                              C:/Users/Administrador/.pico-sdk/toolchain/13_3_Rel1/bin/../lib/gcc/arm-none-eabi/13.3.1/thumb/v6-m/nofp\libg.a(libc_a-lcltime_r.o) (__month_lengths)
C:/Users/Administrador/.pico-sdk/toolchain/13_3_Rel1/bin/../lib/gcc/arm-none-eabi/13.3.1/thumb/v6-m/nofp\libg.a(libc_a-tzcalc_limits.o)
                              C:/Users/Administrador/.pico-sdk/toolchain/13_3_Rel1/bin/../lib/gcc/arm-none-eabi/13.3.1/thumb/v6-m/nofp\libg.a(libc_a-lcltime_r.o) (__tzcalc_limits)
C:/Users/Administrador/.pico-sdk/toolchain/13_3_Rel1/bin/../lib/gcc/arm-none-eabi/13.3.1/thumb/v6-m/nofp\libg.a(libc_a-tzlock.o)
                              C:/Users/Administrador/.pico-sdk/toolchain/13_3_Rel1/bin/../lib/gcc/arm-none-eabi/13.3.1/thumb/v6-m/nofp\libg.a(libc_a-lcltime_r.o) (__tz_lock)
C:/Users/Administrador/.pico-sdk/toolchain/13_3_Rel1/bin/../lib/gcc/arm-none-eabi/13.3.1/thumb/v6-m/nofp\libg.a(libc_a-tzset.o)
                              C:/Users/Administrador/.pico-sdk/toolchain/13_3_Rel1/bin/../lib/gcc/arm-none-eabi/13.3.1/thumb/v6-m/nofp\libg.a(libc_a-lcltime_r.o) (_tzset_unlocked)
C:/Users/Administrador/.pico-sdk/toolchain/13_3_Rel1/bin/../lib/gcc/arm-none-eabi/13.3.1/thumb/v6-m/nofp\libg.a(libc_a-tzset_r.o)
[...]
Memory Configuration

Name             Origin             Length             Attributes
FLASH            0x10000000         0x00200000         xr
RAM              0x20000000         0x00040000         xrw
SCRATCH_X        0x20040000         0x00001000         xrw
SCRATCH_Y        0x20041000         0x00001000         xrw
*default*        0x00000000         0xffffffff

Linker script and memory map

LOAD C:/Users/Administrador/.pico-sdk/toolchain/13_3_Rel1/bin/../lib/gcc/arm-none-eabi/13.3.1/thumb/v6-m/nofp/crti.o
LOAD C:/Users/Administrador/.pico-sdk/toolchain/13_3_Rel1/bin/../lib/gcc/arm-none-eabi/13.3.1/thumb/v6-m/nofp/crtbegin.o
LOAD C:/Users/Administrador/.pico-sdk/toolchain/13_3_Rel1/bin/../lib/gcc/arm-none-eabi/13.3.1/thumb/v6-m/nofp/crt0.o

.flash_begin    0x10000000        0x0
                0x10000000                        __flash_binary_start = .

.boot2          0x10000000      0x100
                0x10000000                        __boot2_start__ = .
 *(.boot2)
 .boot2         0x10000000      0x100 pico-sdk/src/rp2040/boot_stage2/CMakeFiles/bs2_default_library.dir/./bs2_default_padded_checksummed.S.obj
                0x10000100                        __boot2_end__ = .
                0x00000001                        ASSERT (((__boot2_end__ - __boot2_start__) == 0x100), ERROR: Pico second stage bootloader must be 256 bytes in size)

.text           0x10000100     0x16f0
                0x10000100                        __logical_binary_start = .
 *(.vectors)
 .vectors       0x10000100       0xd4 CMakeFiles/ServoPWM.dir/C_/Users/Administrador/.pico-sdk/sdk/2.1.0/src/rp2_common/pico_crt0/crt0.S.obj
                0x10000100                __VECTOR_TABLE
                0x10000100                __vectors
                0x100001c0                isr_invalid
                0x100001c0                __default_isrs_start
                0x100001c2                isr_nmi
                0x100001c4                isr_hardfault
                0x100001c6                isr_svcall
                0x100001c8                isr_pendsv
                0x100001ca                isr_systick
                0x100001cc                isr_irq23
                0x100001cc                isr_irq18
                0x100001cc                isr_irq11
                0x100001cc                isr_irq28
                0x100001cc                isr_irq19
                0x100001cc                isr_irq0
                0x100001cc                isr_irq6
                0x100001cc                isr_irq5
                0x100001cc                isr_irq12
                0x100001cc                isr_irq22
                0x100001cc                isr_irq31
                0x100001cc                isr_irq17
                0x100001cc                isr_irq27
                0x100001cc                isr_irq30
                0x100001cc                isr_irq2
                0x100001cc                isr_irq10
                0x100001cc                isr_irq8
                0x100001cc                isr_irq24
                0x100001cc                isr_irq1
                0x100001cc                isr_irq7
                0x100001cc                isr_irq21
                0x100001cc                isr_irq20
                0x100001cc                isr_irq15
                0x100001cc                isr_irq25
                0x100001cc                isr_irq13
                0x100001cc                __unhandled_user_irq
                0x100001cc                isr_irq4
                0x100001cc                isr_irq16
                0x100001cc                isr_irq29
                0x100001cc                isr_irq26
                0x100001cc                __default_isrs_end
                0x100001cc                isr_irq3
                0x100001cc                isr_irq14
                0x100001cc                isr_irq9
                0x100001d2                unhandled_user_irq_num_in_r0
 *(.binary_info_header)
 .binary_info_header
                0x100001d4       0x14 CMakeFiles/ServoPWM.dir/C_/Users/Administrador/.pico-sdk/sdk/2.1.0/src/rp2_common/pico_crt0/crt0.S.obj
                0x100001e8                        __binary_info_header_end = .
 *(.embedded_block)
                0x100001e8                        __embedded_block_end = .
 *(.reset)
 .reset         0x100001e8       0x9c CMakeFiles/ServoPWM.dir/C_/Users/Administrador/.pico-sdk/sdk/2.1.0/src/rp2_common/pico_crt0/crt0.S.obj
                0x100001e8                _entry_point
 *(.init)
 .init          0x10000284        0x4 C:/Users/Administrador/.pico-sdk/toolchain/13_3_Rel1/bin/../lib/gcc/arm-none-eabi/13.3.1/thumb/v6-m/nofp/crti.o
                0x10000284                _init
 *(EXCLUDE_FILE(*libm.a: *libc.a:*lib_a-mem*.o *libgcc.a:) .text*)
 .text.register_tm_clones
                0x10000288       0x28 C:/Users/Administrador/.pico-sdk/toolchain/13_3_Rel1/bin/../lib/gcc/arm-none-eabi/13.3.1/thumb/v6-m/nofp/crtbegin.o
 .text.frame_dummy
                0x100002b0       0x24 C:/Users/Administrador/.pico-sdk/toolchain/13_3_Rel1/bin/../lib/gcc/arm-none-eabi/13.3.1/thumb/v6-m/nofp/crtbegin.o
 .text.startup.main
                0x100002d4       0xf4 CMakeFiles/ServoPWM.dir/ServoPWM.c.obj
                0x100002d4                main
 .text.gpio_set_function
                0x100003c8       0x34 CMakeFiles/ServoPWM.dir/C_/Users/Administrador/.pico-sdk/sdk/2.1.0/src/rp2_common/hardware_gpio/gpio.c.obj
                0x100003c8                gpio_set_function
 .text.panic    0x100003fc       0x30 CMakeFiles/ServoPWM.dir/C_/Users/Administrador/.pico-sdk/sdk/2.1.0/src/rp2_common/pico_platform_panic/panic.c.obj
                0x100003fc                panic
 .text.hw_claim_or_assert
                0x1000042c       0x44 CMakeFiles/ServoPWM.dir/C_/Users/Administrador/.pico-sdk/sdk/2.1.0/src/common/hardware_claim/claim.c.obj
                0x1000042c                hw_claim_or_assert
 .text.next_striped_spin_lock_num
                0x10000470       0x18 CMakeFiles/ServoPWM.dir/C_/Users/Administrador/.pico-sdk/sdk/2.1.0/src/rp2_common/hardware_sync/sync.c.obj
                0x10000470                next_striped_spin_lock_num
 .text.spin_locks_reset
                0x10000488       0x1c CMakeFiles/ServoPWM.dir/C_/Users/Administrador/.pico-sdk/sdk/2.1.0/src/rp2_common/hardware_sync_spin_lock/sync_spin_lock.c.obj
                0x10000488                spin_locks_reset
 .text.runtime_init_per_core_irq_priorities
                0x100004a4       0x24 CMakeFiles/ServoPWM.dir/C_/Users/Administrador/.pico-sdk/sdk/2.1.0/src/rp2_common/hardware_irq/irq.c.obj
                0x100004a4                runtime_init_per_core_irq_priorities
 .text.irq_set_enabled
                0x100004c8       0x24 CMakeFiles/ServoPWM.dir/C_/Users/Administrador/.pico-sdk/sdk/2.1.0/src/rp2_common/hardware_irq/irq.c.obj
                0x100004c8                irq_set_enabled
 .text.irq_set_exclusive_handler
                0x100004ec       0x54 CMakeFiles/ServoPWM.dir/C_/Users/Administrador/.pico-sdk/sdk/2.1.0/src/rp2_common/hardware_irq/irq.c.obj
                0x100004ec                irq_set_exclusive_handler
 .text.lock_init
                0x10000540       0x10 CMakeFiles/ServoPWM.dir/C_/Users/Administrador/.pico-sdk/sdk/2.1.0/src/common/pico_sync/lock_core.c.obj
                0x10000540                lock_init
 .text.runtime_init_mutex
                0x10000550       0x50 CMakeFiles/ServoPWM.dir/C_/Users/Administrador/.pico-sdk/sdk/2.1.0/src/common/pico_sync/mutex.c.obj
                0x10000550                runtime_init_mutex
 .text.sleep_until_callback
                0x100005a0       0x30 CMakeFiles/ServoPWM.dir/C_/Users/Administrador/.pico-sdk/sdk/2.1.0/src/common/pico_time/time.c.obj
 .text.alarm_pool_irq_handler
                0x100005d0      0x2fc CMakeFiles/ServoPWM.dir/C_/Users/Administrador/.pico-sdk/sdk/2.1.0/src/common/pico_time/time.c.obj
 .text.runtime_init_default_alarm_pool
                0x100008cc       0xdc CMakeFiles/ServoPWM.dir/C_/Users/Administrador/.pico-sdk/sdk/2.1.0/src/common/pico_time/time.c.obj
                0x100008cc                runtime_init_default_alarm_pool
 .text.alarm_pool_add_alarm_at_force_in_context
                0x100009a8       0xb0 CMakeFiles/ServoPWM.dir/C_/Users/Administrador/.pico-sdk/sdk/2.1.0/src/common/pico_time/time.c.obj
                0x100009a8                alarm_pool_add_alarm_at_force_in_context
 .text.alarm_pool_cancel_alarm
                0x10000a58       0x74 CMakeFiles/ServoPWM.dir/C_/Users/Administrador/.pico-sdk/sdk/2.1.0/src/common/pico_time/time.c.obj
                0x10000a58                alarm_pool_cancel_alarm
 .text.sleep_until
                0x10000acc       0xd8 CMakeFiles/ServoPWM.dir/C_/Users/Administrador/.pico-sdk/sdk/2.1.0/src/common/pico_time/time.c.obj
                0x10000acc                sleep_until
 .text.sleep_ms
                0x10000ba4       0x38 CMakeFiles/ServoPWM.dir/C_/Users/Administrador/.pico-sdk/sdk/2.1.0/src/common/pico_time/time.c.obj
                0x10000ba4                sleep_ms
 .text.best_effort_wfe_or_timeout
                0x10000bdc       0xe0 CMakeFiles/ServoPWM.dir/C_/Users/Administrador/.pico-sdk/sdk/2.1.0/src/common/pico_time/time.c.obj
                0x10000bdc                best_effort_wfe_or_timeout
 .text.timer_hardware_alarm_claim
                0x10000cbc       0x14 CMakeFiles/ServoPWM.dir/C_/Users/Administrador/.pico-sdk/sdk/2.1.0/src/rp2_common/hardware_timer/timer.c.obj
                0x10000cbc                timer_hardware_alarm_claim
 .text.timer_time_us_64
                0x10000cd0       0x10 CMakeFiles/ServoPWM.dir/C_/Users/Administrador/.pico-sdk/sdk/2.1.0/src/rp2_common/hardware_timer/timer.c.obj
                0x10000cd0                timer_time_us_64
 .text.time_us_64
                0x10000ce0       0x14 CMakeFiles/ServoPWM.dir/C_/Users/Administrador/.pico-sdk/sdk/2.1.0/src/rp2_common/hardware_timer/timer.c.obj
                0x10000ce0                time_us_64
 .text.busy_wait_until
                0x10000cf4       0x20 CMakeFiles/ServoPWM.dir/C_/Users/Administrador/.pico-sdk/sdk/2.1.0/src/rp2_common/hardware_timer/timer.c.obj
                0x10000cf4                busy_wait_until
 .text.clock_configure_int_divider
                0x10000d14       0xf4 CMakeFiles/ServoPWM.dir/C_/Users/Administrador/.pico-sdk/sdk/2.1.0/src/rp2_common/hardware_clocks/clocks.c.obj
                0x10000d14                clock_configure_int_divider
 .text.clock_configure_undivided
                0x10000e08       0xe8 CMakeFiles/ServoPWM.dir/C_/Users/Administrador/.pico-sdk/sdk/2.1.0/src/rp2_common/hardware_clocks/clocks.c.obj
                0x10000e08                clock_configure_undivided
 .text.clock_get_hz
                0x10000ef0        0xc CMakeFiles/ServoPWM.dir/C_/Users/Administrador/.pico-sdk/sdk/2.1.0/src/rp2_common/hardware_clocks/clocks.c.obj
                0x10000ef0                clock_get_hz
 .text.pll_init
                0x10000efc       0xa4 CMakeFiles/ServoPWM.dir/C_/Users/Administrador/.pico-sdk/sdk/2.1.0/src/rp2_common/hardware_pll/pll.c.obj
                0x10000efc                pll_init
 .text.tick_start
                0x10000fa0       0x10 CMakeFiles/ServoPWM.dir/C_/Users/Administrador/.pico-sdk/sdk/2.1.0/src/rp2_common/hardware_ticks/ticks.c.obj
                0x10000fa0                tick_start
 .text.rom_func_lookup
                0x10000fb0       0x10 CMakeFiles/ServoPWM.dir/C_/Users/Administrador/.pico-sdk/sdk/2.1.0/src/rp2_common/pico_bootrom/bootrom.c.obj
                0x10000fb0                rom_func_lookup
 .text.rom_data_lookup
                0x10000fc0       0x10 CMakeFiles/ServoPWM.dir/C_/Users/Administrador/.pico-sdk/sdk/2.1.0/src/rp2_common/pico_bootrom/bootrom.c.obj
                0x10000fc0                rom_data_lookup
 .text.rom_funcs_lookup
                0x10000fd0       0x44 CMakeFiles/ServoPWM.dir/C_/Users/Administrador/.pico-sdk/sdk/2.1.0/src/rp2_common/pico_bootrom/bootrom.c.obj
                0x10000fd0                rom_funcs_lookup
 .text.xosc_init
                0x10001014       0x28 CMakeFiles/ServoPWM.dir/C_/Users/Administrador/.pico-sdk/sdk/2.1.0/src/rp2_common/hardware_xosc/xosc.c.obj
                0x10001014                xosc_init
 .text.first_per_core_initializer
                0x1000103c        0x4 CMakeFiles/ServoPWM.dir/C_/Users/Administrador/.pico-sdk/sdk/2.1.0/src/rp2_common/pico_runtime/runtime.c.obj
 .text.hard_assertion_failure
                0x10001040        0xc CMakeFiles/ServoPWM.dir/C_/Users/Administrador/.pico-sdk/sdk/2.1.0/src/rp2_common/pico_runtime/runtime.c.obj
                0x10001040                hard_assertion_failure
 .text.runtime_run_initializers
                0x1000104c       0x28 CMakeFiles/ServoPWM.dir/C_/Users/Administrador/.pico-sdk/sdk/2.1.0/src/rp2_common/pico_runtime/runtime.c.obj
                0x1000104c                runtime_run_initializers
 .text.runtime_init_early_resets
                0x10001074       0x2c CMakeFiles/ServoPWM.dir/C_/Users/Administrador/.pico-sdk/sdk/2.1.0/src/rp2_common/pico_runtime_init/runtime_init.c.obj
                0x10001074                runtime_init_early_resets
 .text.runtime_init_usb_power_down
                0x100010a0       0x1c CMakeFiles/ServoPWM.dir/C_/Users/Administrador/.pico-sdk/sdk/2.1.0/src/rp2_common/pico_runtime_init/runtime_init.c.obj
                0x100010a0                runtime_init_usb_power_down
 .text.runtime_init_post_clock_resets
                0x100010bc       0x20 CMakeFiles/ServoPWM.dir/C_/Users/Administrador/.pico-sdk/sdk/2.1.0/src/rp2_common/pico_runtime_init/runtime_init.c.obj
                0x100010bc                runtime_init_post_clock_resets
 .text.runtime_init_rp2040_gpio_ie_disable
                0x100010dc       0x14 CMakeFiles/ServoPWM.dir/C_/Users/Administrador/.pico-sdk/sdk/2.1.0/src/rp2_common/pico_runtime_init/runtime_init.c.obj
                0x100010dc                runtime_init_rp2040_gpio_ie_disable
 .text.runtime_init_spin_locks_reset
                0x100010f0        0x8 CMakeFiles/ServoPWM.dir/C_/Users/Administrador/.pico-sdk/sdk/2.1.0/src/rp2_common/pico_runtime_init/runtime_init.c.obj
                0x100010f0                runtime_init_spin_locks_reset
 .text.runtime_init_install_ram_vector_table
                0x100010f8       0x1c CMakeFiles/ServoPWM.dir/C_/Users/Administrador/.pico-sdk/sdk/2.1.0/src/rp2_common/pico_runtime_init/runtime_init.c.obj
                0x100010f8                runtime_init_install_ram_vector_table
 .text.runtime_init_clocks
                0x10001114       0xd8 CMakeFiles/ServoPWM.dir/C_/Users/Administrador/.pico-sdk/sdk/2.1.0/src/rp2_common/pico_runtime_init/runtime_init_clocks.c.obj
                0x10001114                runtime_init_clocks
 .text          0x100011ec       0x10 CMakeFiles/ServoPWM.dir/C_/Users/Administrador/.pico-sdk/sdk/2.1.0/src/rp2_common/pico_bit_ops/bit_ops_aeabi.S.obj
 .text.__wrap___aeabi_idiv
                0x100011fc       0x50 CMakeFiles/ServoPWM.dir/C_/Users/Administrador/.pico-sdk/sdk/2.1.0/src/rp2_common/pico_divider/divider_hardware.S.obj
                0x100011fc                __wrap___aeabi_idivmod
                0x100011fc                divmod_s32s32
                0x100011fc                div_s32s32
                0x100011fc                __wrap___aeabi_idiv
                0x10001204                divmod_s32s32_unsafe
                0x10001230                divmod_s32s32_savestate
 .text.__wrap___aeabi_uidiv
                0x1000124c       0x4c CMakeFiles/ServoPWM.dir/C_/Users/Administrador/.pico-sdk/sdk/2.1.0/src/rp2_common/pico_divider/divider_hardware.S.obj
                0x1000124c                __wrap___aeabi_uidiv
                0x1000124c                __wrap___aeabi_uidivmod
                0x1000124c                div_u32u32
                0x1000124c                divmod_u32u32
                0x10001254                divmod_u32u32_unsafe
                0x1000127c                divmod_u32u32_savestate
 .text.missing_double_func_shim
                0x10001298        0xc CMakeFiles/ServoPWM.dir/C_/Users/Administrador/.pico-sdk/sdk/2.1.0/src/rp2_common/pico_double/double_init_rom_rp2040.c.obj
 .text.__aeabi_double_init
                0x100012a4       0xa0 CMakeFiles/ServoPWM.dir/C_/Users/Administrador/.pico-sdk/sdk/2.1.0/src/rp2_common/pico_double/double_init_rom_rp2040.c.obj
                0x100012a4                __aeabi_double_init
 .text.double_table_shim_on_use_helper
                0x10001344       0x2c CMakeFiles/ServoPWM.dir/C_/Users/Administrador/.pico-sdk/sdk/2.1.0/src/rp2_common/pico_double/double_v1_rom_shim_rp2040.S.obj
                0x10001344                double_table_shim_on_use_helper
 .text.__aeabi_lmul
                0x10001370       0x32 CMakeFiles/ServoPWM.dir/C_/Users/Administrador/.pico-sdk/sdk/2.1.0/src/rp2_common/pico_int64_ops/pico_int64_ops_aeabi.S.obj
                0x10001370                __wrap___aeabi_lmul
 *fill*         0x100013a2        0x2 
 .text.missing_float_func_shim
                0x100013a4        0xc CMakeFiles/ServoPWM.dir/C_/Users/Administrador/.pico-sdk/sdk/2.1.0/src/rp2_common/pico_float/float_init_rom_rp2040.c.obj
 .text.__aeabi_float_init
                0x100013b0       0x5c CMakeFiles/ServoPWM.dir/C_/Users/Administrador/.pico-sdk/sdk/2.1.0/src/rp2_common/pico_float/float_init_rom_rp2040.c.obj
                0x100013b0                __aeabi_float_init
 .text          0x1000140c       0x10 CMakeFiles/ServoPWM.dir/C_/Users/Administrador/.pico-sdk/sdk/2.1.0/src/rp2_common/pico_mem_ops/mem_ops_aeabi.S.obj
                0x1000140c                __aeabi_mem_init
 .text.memcpy   0x1000141c        0xc CMakeFiles/ServoPWM.dir/C_/Users/Administrador/.pico-sdk/sdk/2.1.0/src/rp2_common/pico_mem_ops/mem_ops_aeabi.S.obj
                0x1000141c                __wrap_memcpy
                0x1000141c                __wrap___aeabi_memcpy
 .text._out_char
                0x10001428       0x10 CMakeFiles/ServoPWM.dir/C_/Users/Administrador/.pico-sdk/sdk/2.1.0/src/rp2_common/pico_printf/printf.c.obj
 .text.weak_raw_vprintf
                0x10001438       0x30 CMakeFiles/ServoPWM.dir/C_/Users/Administrador/.pico-sdk/sdk/2.1.0/src/rp2_common/pico_printf/printf.c.obj
                0x10001438                weak_raw_vprintf
 .text._exit    0x10001468        0x4 CMakeFiles/ServoPWM.dir/C_/Users/Administrador/.pico-sdk/sdk/2.1.0/src/rp2_common/pico_clib_interface/newlib_interface.c.obj
                0x10001468                _exit
 .text.exit     0x1000146c        0x8 CMakeFiles/ServoPWM.dir/C_/Users/Administrador/.pico-sdk/sdk/2.1.0/src/rp2_common/pico_clib_interface/newlib_interface.c.obj
                0x1000146c                exit
 .text.runtime_init
                0x10001474       0x2c CMakeFiles/ServoPWM.dir/C_/Users/Administrador/.pico-sdk/sdk/2.1.0/src/rp2_common/pico_clib_interface/newlib_interface.c.obj
                0x10001474                runtime_init
 .text.stdio_out_chars_no_crlf
                0x100014a0       0x10 CMakeFiles/ServoPWM.dir/C_/Users/Administrador/.pico-sdk/sdk/2.1.0/src/rp2_common/pico_stdio/stdio.c.obj
 .text.stdio_out_chars_crlf
                0x100014b0       0x94 CMakeFiles/ServoPWM.dir/C_/Users/Administrador/.pico-sdk/sdk/2.1.0/src/rp2_common/pico_stdio/stdio.c.obj
 .text.stdio_put_string
                0x10001544      0x100 CMakeFiles/ServoPWM.dir/C_/Users/Administrador/.pico-sdk/sdk/2.1.0/src/rp2_common/pico_stdio/stdio.c.obj
                0x10001544                stdio_put_string
 .text.stdio_init_all
                0x10001644        0x4 CMakeFiles/ServoPWM.dir/C_/Users/Administrador/.pico-sdk/sdk/2.1.0/src/rp2_common/pico_stdio/stdio.c.obj
                0x10001644                stdio_init_all
 .text.__wrap_putchar
                0x10001648       0x98 CMakeFiles/ServoPWM.dir/C_/Users/Administrador/.pico-sdk/sdk/2.1.0/src/rp2_common/pico_stdio/stdio.c.obj
                0x10001648                __wrap_putchar
                0x10001648                stdio_putchar
 .text.__wrap_puts
                0x100016e0       0x3c CMakeFiles/ServoPWM.dir/C_/Users/Administrador/.pico-sdk/sdk/2.1.0/src/rp2_common/pico_stdio/stdio.c.obj
                0x100016e0                stdio_puts
                0x100016e0                __wrap_puts
 .text.strlen   0x1000171c       0x5c C:/Users/Administrador/.pico-sdk/toolchain/13_3_Rel1/bin/../lib/gcc/arm-none-eabi/13.3.1/thumb/v6-m/nofp\libg.a(libc_a-strlen-stub.o)
                0x1000171c                strlen
 *(.fini)
 .fini          0x10001778        0x4 C:/Users/Administrador/.pico-sdk/toolchain/13_3_Rel1/bin/../lib/gcc/arm-none-eabi/13.3.1/thumb/v6-m/nofp/crti.o
                0x10001778                _fini
 *fill*         0x1000177c        0x4 
 .fini.__stub   0x10001780       0x30 linker stubs
 *crtbegin.o(.ctors)
 *crtbegin?.o(.ctors)
 *(EXCLUDE_FILE(*crtend.o *crtend?.o) .ctors)
 *(SORT_BY_NAME(.ctors.*))
 *(.ctors)
 *crtbegin.o(.dtors)
 *crtbegin?.o(.dtors)
 *(EXCLUDE_FILE(*crtend.o *crtend?.o) .dtors)
 *(SORT_BY_NAME(.dtors.*))
 *(.dtors)
                0x100017b0                        . = ALIGN (0x4)
                0x100017b0                        PROVIDE (__preinit_array_start = .)
 *(SORT_BY_NAME(.preinit_array.*))
 .preinit_array.00100
                0x100017b0        0x4 CMakeFiles/ServoPWM.dir/C_/Users/Administrador/.pico-sdk/sdk/2.1.0/src/rp2_common/pico_runtime_init/runtime_init.c.obj
                0x100017b0                __pre_init_runtime_init_early_resets
 .preinit_array.00101
                0x100017b4        0x4 CMakeFiles/ServoPWM.dir/C_/Users/Administrador/.pico-sdk/sdk/2.1.0/src/rp2_common/pico_runtime_init/runtime_init.c.obj
                0x100017b4                __pre_init_runtime_init_usb_power_down
 .preinit_array.00275
                0x100017b8        0x4 CMakeFiles/ServoPWM.dir/C_/Users/Administrador/.pico-sdk/sdk/2.1.0/src/rp2_common/pico_bit_ops/bit_ops_aeabi.S.obj
 .preinit_array.00300
                0x100017bc        0x4 CMakeFiles/ServoPWM.dir/C_/Users/Administrador/.pico-sdk/sdk/2.1.0/src/rp2_common/pico_mem_ops/mem_ops_aeabi.S.obj
 .preinit_array.00350
                0x100017c0        0x4 CMakeFiles/ServoPWM.dir/C_/Users/Administrador/.pico-sdk/sdk/2.1.0/src/rp2_common/pico_double/double_aeabi_rp2040.S.obj
 .preinit_array.00350
                0x100017c4        0x4 CMakeFiles/ServoPWM.dir/C_/Users/Administrador/.pico-sdk/sdk/2.1.0/src/rp2_common/pico_float/float_aeabi_rp2040.S.obj
 .preinit_array.00500
                0x100017c8        0x4 CMakeFiles/ServoPWM.dir/C_/Users/Administrador/.pico-sdk/sdk/2.1.0/src/rp2_common/pico_runtime_init/runtime_init.c.obj
                0x100017c8                __pre_init_runtime_init_clocks
 .preinit_array.00600
                0x100017cc        0x4 CMakeFiles/ServoPWM.dir/C_/Users/Administrador/.pico-sdk/sdk/2.1.0/src/rp2_common/pico_runtime_init/runtime_init.c.obj
                0x100017cc                __pre_init_runtime_init_post_clock_resets
 .preinit_array.00700
                0x100017d0        0x4 CMakeFiles/ServoPWM.dir/C_/Users/Administrador/.pico-sdk/sdk/2.1.0/src/rp2_common/pico_runtime_init/runtime_init.c.obj
                0x100017d0                __pre_init_runtime_init_rp2040_gpio_ie_disable
 .preinit_array.01000
                0x100017d4        0x4 CMakeFiles/ServoPWM.dir/C_/Users/Administrador/.pico-sdk/sdk/2.1.0/src/rp2_common/pico_runtime_init/runtime_init.c.obj
                0x100017d4                __pre_init_runtime_init_spin_locks_reset
 .preinit_array.01100
                0x100017d8        0x4 CMakeFiles/ServoPWM.dir/C_/Users/Administrador/.pico-sdk/sdk/2.1.0/src/common/pico_sync/mutex.c.obj
                0x100017d8                __pre_init_runtime_init_mutex
 .preinit_array.10080
                0x100017dc        0x4 CMakeFiles/ServoPWM.dir/C_/Users/Administrador/.pico-sdk/sdk/2.1.0/src/rp2_common/pico_runtime_init/runtime_init.c.obj
                0x100017dc                __pre_init_runtime_init_install_ram_vector_table
 .preinit_array.11000
                0x100017e0        0x4 CMakeFiles/ServoPWM.dir/C_/Users/Administrador/.pico-sdk/sdk/2.1.0/src/common/pico_time/time.c.obj
                0x100017e0                __pre_init_runtime_init_default_alarm_pool
 .preinit_array.YYYYY
                0x100017e4        0x4 CMakeFiles/ServoPWM.dir/C_/Users/Administrador/.pico-sdk/sdk/2.1.0/src/rp2_common/pico_runtime/runtime.c.obj
                0x100017e4                __pre_init_first_per_core_initializer
 .preinit_array.ZZZZZ.01200
                0x100017e8        0x4 CMakeFiles/ServoPWM.dir/C_/Users/Administrador/.pico-sdk/sdk/2.1.0/src/rp2_common/hardware_irq/irq.c.obj
                0x100017e8                __pre_init_runtime_init_per_core_irq_priorities
 *(.preinit_array)
                0x100017ec                        PROVIDE (__preinit_array_end = .)
                0x100017ec                        . = ALIGN (0x4)
                0x100017ec                        PROVIDE (__init_array_start = .)
 *(SORT_BY_NAME(.init_array.*))
 *(.init_array)
 .init_array    0x100017ec        0x4 C:/Users/Administrador/.pico-sdk/toolchain/13_3_Rel1/bin/../lib/gcc/arm-none-eabi/13.3.1/thumb/v6-m/nofp/crtbegin.o
                0x100017f0                        PROVIDE (__init_array_end = .)
                0x100017f0                        . = ALIGN (0x4)
                [!provide]                        PROVIDE (__fini_array_start = .)
 *(SORT_BY_NAME(.fini_array.*))
 *(.fini_array)
                [!provide]                        PROVIDE (__fini_array_end = .)
 *(.eh_frame*)
 .eh_frame      0x100017f0        0x0 C:/Users/Administrador/.pico-sdk/toolchain/13_3_Rel1/bin/../lib/gcc/arm-none-eabi/13.3.1/thumb/v6-m/nofp/crtbegin.o
                0x100017f0                        . = ALIGN (0x4)

.glue_7         0x100017f0        0x0
 .glue_7        0x100017f0        0x0 linker stubs

.glue_7t        0x100017f0        0x0
 .glue_7t       0x100017f0        0x0 linker stubs

.vfp11_veneer   0x100017f0        0x0
 .vfp11_veneer  0x100017f0        0x0 linker stubs

.v4_bx          0x100017f0        0x0
 .v4_bx         0x100017f0        0x0 linker stubs

.iplt           0x100017f0        0x0
 .iplt          0x100017f0        0x0 C:/Users/Administrador/.pico-sdk/toolchain/13_3_Rel1/bin/../lib/gcc/arm-none-eabi/13.3.1/thumb/v6-m/nofp/crtbegin.o

.rodata         0x100017f0      0x104
 *(EXCLUDE_FILE(*libm.a: *libc.a:*lib_a-mem*.o *libgcc.a:) .rodata*)
 .rodata.panic.str1.4
                0x100017f0       0xa0 CMakeFiles/ServoPWM.dir/C_/Users/Administrador/.pico-sdk/sdk/2.1.0/src/rp2_common/pico_platform_panic/panic.c.obj
                                 0x12 (size before relaxing)
 .rodata.timer_hardware_alarm_claim.str1.4
                0x10001890       0x22 CMakeFiles/ServoPWM.dir/C_/Users/Administrador/.pico-sdk/sdk/2.1.0/src/rp2_common/hardware_timer/timer.c.obj
 .rodata.hard_assertion_failure.str1.4
                0x10001890        0xc CMakeFiles/ServoPWM.dir/C_/Users/Administrador/.pico-sdk/sdk/2.1.0/src/rp2_common/pico_runtime/runtime.c.obj
 .rodata.missing_double_func_shim.str1.4
                0x10001890       0x18 CMakeFiles/ServoPWM.dir/C_/Users/Administrador/.pico-sdk/sdk/2.1.0/src/rp2_common/pico_double/double_init_rom_rp2040.c.obj
 .rodata.missing_float_func_shim.str1.4
                0x10001890        0x1 CMakeFiles/ServoPWM.dir/C_/Users/Administrador/.pico-sdk/sdk/2.1.0/src/rp2_common/pico_float/float_init_rom_rp2040.c.obj
 .rodata.str1.4
                0x10001890       0x44 CMakeFiles/ServoPWM.dir/C_/Users/Administrador/.pico-sdk/sdk/2.1.0/src/rp2_common/pico_standard_binary_info/standard_binary_info.c.obj
 .rodata.__bi_84
                0x10001890        0xc CMakeFiles/ServoPWM.dir/C_/Users/Administrador/.pico-sdk/sdk/2.1.0/src/rp2_common/pico_standard_binary_info/standard_binary_info.c.obj
 .rodata.__bi_78
                0x1000189c        0xc CMakeFiles/ServoPWM.dir/C_/Users/Administrador/.pico-sdk/sdk/2.1.0/src/rp2_common/pico_standard_binary_info/standard_binary_info.c.obj
 .rodata.__bi_60
                0x100018a8        0xc CMakeFiles/ServoPWM.dir/C_/Users/Administrador/.pico-sdk/sdk/2.1.0/src/rp2_common/pico_standard_binary_info/standard_binary_info.c.obj
 .rodata.__bi_54
                0x100018b4        0xc CMakeFiles/ServoPWM.dir/C_/Users/Administrador/.pico-sdk/sdk/2.1.0/src/rp2_common/pico_standard_binary_info/standard_binary_info.c.obj
 .rodata.__bi_48
                0x100018c0        0xc CMakeFiles/ServoPWM.dir/C_/Users/Administrador/.pico-sdk/sdk/2.1.0/src/rp2_common/pico_standard_binary_info/standard_binary_info.c.obj
 .rodata.__bi_42
                0x100018cc        0xc CMakeFiles/ServoPWM.dir/C_/Users/Administrador/.pico-sdk/sdk/2.1.0/src/rp2_common/pico_standard_binary_info/standard_binary_info.c.obj
 .rodata.__bi_34
                0x100018d8        0xc CMakeFiles/ServoPWM.dir/C_/Users/Administrador/.pico-sdk/sdk/2.1.0/src/rp2_common/pico_standard_binary_info/standard_binary_info.c.obj
 .rodata.__bi_26
                0x100018e4        0xc CMakeFiles/ServoPWM.dir/C_/Users/Administrador/.pico-sdk/sdk/2.1.0/src/rp2_common/pico_standard_binary_info/standard_binary_info.c.obj
 .rodata.crlf_str.0
                0x100018f0        0x2 CMakeFiles/ServoPWM.dir/C_/Users/Administrador/.pico-sdk/sdk/2.1.0/src/rp2_common/pico_stdio/stdio.c.obj
                0x100018f4                        . = ALIGN (0x4)
 *fill*         0x100018f2        0x2 
 *(SORT_BY_ALIGNMENT(SORT_BY_NAME(.flashdata*)))
                0x100018f4                        . = ALIGN (0x4)

.ARM.extab
 *(.ARM.extab* .gnu.linkonce.armextab.*)
                0x100018f4                        __exidx_start = .

.ARM.exidx
 *(.ARM.exidx* .gnu.linkonce.armexidx.*)
                0x100018f4                        __exidx_end = .
                0x100018f4                        . = ALIGN (0x4)
                0x100018f4                        __binary_info_start = .

.binary_info    0x100018f4       0x20
 *(.binary_info.keep.*)
 .binary_info.keep.__bi_ptr84
                0x100018f4        0x4 CMakeFiles/ServoPWM.dir/C_/Users/Administrador/.pico-sdk/sdk/2.1.0/src/rp2_common/pico_standard_binary_info/standard_binary_info.c.obj
 .binary_info.keep.__bi_ptr78
                0x100018f8        0x4 CMakeFiles/ServoPWM.dir/C_/Users/Administrador/.pico-sdk/sdk/2.1.0/src/rp2_common/pico_standard_binary_info/standard_binary_info.c.obj
 .binary_info.keep.__bi_ptr60
                0x100018fc        0x4 CMakeFiles/ServoPWM.dir/C_/Users/Administrador/.pico-sdk/sdk/2.1.0/src/rp2_common/pico_standard_binary_info/standard_binary_info.c.obj
 .binary_info.keep.__bi_ptr54
                0x10001900        0x4 CMakeFiles/ServoPWM.dir/C_/Users/Administrador/.pico-sdk/sdk/2.1.0/src/rp2_common/pico_standard_binary_info/standard_binary_info.c.obj
 .binary_info.keep.__bi_ptr48
                0x10001904        0x4 CMakeFiles/ServoPWM.dir/C_/Users/Administrador/.pico-sdk/sdk/2.1.0/src/rp2_common/pico_standard_binary_info/standard_binary_info.c.obj
 .binary_info.keep.__bi_ptr42
                0x10001908        0x4 CMakeFiles/ServoPWM.dir/C_/Users/Administrador/.pico-sdk/sdk/2.1.0/src/rp2_common/pico_standard_binary_info/standard_binary_info.c.obj
 .binary_info.keep.__bi_ptr34
                0x1000190c        0x4 CMakeFiles/ServoPWM.dir/C_/Users/Administrador/.pico-sdk/sdk/2.1.0/src/rp2_common/pico_standard_binary_info/standard_binary_info.c.obj
 .binary_info.keep.__bi_ptr26
                0x10001910        0x4 CMakeFiles/ServoPWM.dir/C_/Users/Administrador/.pico-sdk/sdk/2.1.0/src/rp2_common/pico_standard_binary_info/standard_binary_info.c.obj
 *(.binary_info.*)
                0x10001914                        __binary_info_end = .

.rel.dyn        0x10001914        0x0
 .rel.iplt      0x10001914        0x0 C:/Users/Administrador/.pico-sdk/toolchain/13_3_Rel1/bin/../lib/gcc/arm-none-eabi/13.3.1/thumb/v6-m/nofp/crtbegin.o
                0x10001914                        . = ALIGN (0x4)

.ram_vector_table
                0x20000000       0xc0
 *(.ram_vector_table)
 .ram_vector_table
                0x20000000       0xc0 CMakeFiles/ServoPWM.dir/C_/Users/Administrador/.pico-sdk/sdk/2.1.0/src/rp2_common/pico_runtime_init/runtime_init.c.obj
                0x20000000                ram_vector_table

.uninitialized_data
                0x200000c0        0x0
                0x200000c0                        . = ALIGN (0x4)
 *(.uninitialized_data*)

.data           0x200000c0      0x128 load address 0x10001914
                0x200000c0                        __data_start__ = .
 *(vtable)
 *(.time_critical*)
 .time_critical.mutex_try_enter_block_until
                0x200000c0       0x9c CMakeFiles/ServoPWM.dir/C_/Users/Administrador/.pico-sdk/sdk/2.1.0/src/common/pico_sync/mutex.c.obj
                0x200000c0                mutex_try_enter_block_until
 .time_critical.mutex_exit
                0x2000015c       0x28 CMakeFiles/ServoPWM.dir/C_/Users/Administrador/.pico-sdk/sdk/2.1.0/src/common/pico_sync/mutex.c.obj
                0x2000015c                mutex_exit
 *(.text*)
 .text          0x20000184        0x4 C:/Users/Administrador/.pico-sdk/toolchain/13_3_Rel1/bin/../lib/gcc/arm-none-eabi/13.3.1/thumb/v6-m/nofp\libgcc.a(_dvmd_tls.o)
                0x20000184                __aeabi_idiv0
                0x20000184                __aeabi_ldiv0
 .text.__stub   0x20000188       0x10 linker stubs
                0x20000198                        . = ALIGN (0x4)
 *(.rodata*)
                0x20000198                        . = ALIGN (0x4)
 *(.data*)
 .data.striped_spin_lock_num
                0x20000198        0x1 CMakeFiles/ServoPWM.dir/C_/Users/Administrador/.pico-sdk/sdk/2.1.0/src/rp2_common/hardware_sync/sync.c.obj
 *fill*         0x20000199        0x3 
 .data.default_alarm_pool
                0x2000019c       0x18 CMakeFiles/ServoPWM.dir/C_/Users/Administrador/.pico-sdk/sdk/2.1.0/src/common/pico_time/time.c.obj
 *fill*         0x200001b4        0xc 
 .data.aeabi_bits_funcs
                0x200001c0       0x10 CMakeFiles/ServoPWM.dir/C_/Users/Administrador/.pico-sdk/sdk/2.1.0/src/rp2_common/pico_bit_ops/bit_ops_aeabi.S.obj
                0x200001c0                aeabi_bits_funcs
                0x200001d0                aeabi_bits_funcs_end
 .data.aeabi_mem_funcs
                0x200001d0       0x10 CMakeFiles/ServoPWM.dir/C_/Users/Administrador/.pico-sdk/sdk/2.1.0/src/rp2_common/pico_mem_ops/mem_ops_aeabi.S.obj
                0x200001d0                aeabi_mem_funcs
                0x200001e0                aeabi_mem_funcs_end
                0x200001e0                        . = ALIGN (0x4)
 *(.after_data.*)
                0x200001e0                        . = ALIGN (0x4)
                0x200001e0                        PROVIDE (__mutex_array_start = .)
 *(SORT_BY_NAME(.mutex_array.*))
 *(.mutex_array)
 .mutex_array   0x200001e0        0x8 CMakeFiles/ServoPWM.dir/C_/Users/Administrador/.pico-sdk/sdk/2.1.0/src/rp2_common/pico_stdio/stdio.c.obj
                0x200001e8                        PROVIDE (__mutex_array_end = .)
                0x200001e8                        . = ALIGN (0x4)
 *(.jcr)
                0x200001e8                        . = ALIGN (0x4)

.tm_clone_table
                0x200001e8        0x0 load address 0x10001a3c
 .tm_clone_table
                0x200001e8        0x0 C:/Users/Administrador/.pico-sdk/toolchain/13_3_Rel1/bin/../lib/gcc/arm-none-eabi/13.3.1/thumb/v6-m/nofp/crtbegin.o
 .tm_clone_table
                0x200001e8        0x0 C:/Users/Administrador/.pico-sdk/toolchain/13_3_Rel1/bin/../lib/gcc/arm-none-eabi/13.3.1/thumb/v6-m/nofp/crtend.o

.igot.plt       0x200001e8        0x0 load address 0x10001a3c
 .igot.plt      0x200001e8        0x0 C:/Users/Administrador/.pico-sdk/toolchain/13_3_Rel1/bin/../lib/gcc/arm-none-eabi/13.3.1/thumb/v6-m/nofp/crtbegin.o

.tdata          0x200001e8        0x0 load address 0x10001a3c
                0x200001e8                        . = ALIGN (0x4)
 *(.tdata .tdata.* .gnu.linkonce.td.*)
                0x200001e8                        __tdata_end = .
                0x200001e8                        PROVIDE (__data_end__ = .)
                0x10001914                        __etext = LOADADDR (.data)

.tbss           0x200001e8        0x0 load address 0x10001a3c
                0x200001e8                        . = ALIGN (0x4)
                0x200001e8                        __bss_start__ = .
                0x200001e8                        __tls_base = .
 *(.tbss .tbss.* .gnu.linkonce.tb.*)
 *(.tcommon)
                0x200001e8                        __tls_end = .

.bss            0x200001e8      0x3e8 load address 0x10001a3c
                0x200001e8                        . = ALIGN (0x4)
                0x200001e8                        __tbss_end = .
 *(SORT_BY_ALIGNMENT(SORT_BY_NAME(.bss*)))
 .bss.default_alarm_pool_entries
                0x200001e8      0x180 CMakeFiles/ServoPWM.dir/C_/Users/Administrador/.pico-sdk/sdk/2.1.0/src/common/pico_time/time.c.obj
 .bss.sd_table  0x20000368      0x100 CMakeFiles/ServoPWM.dir/C_/Users/Administrador/.pico-sdk/sdk/2.1.0/src/rp2_common/pico_double/double_init_rom_rp2040.c.obj
                0x20000368                sd_table
 .bss.claimed   0x20000468        0x1 CMakeFiles/ServoPWM.dir/C_/Users/Administrador/.pico-sdk/sdk/2.1.0/src/rp2_common/hardware_timer/timer.c.obj
 *fill*         0x20000469        0x3 
 .bss.configured_freq
                0x2000046c       0x28 CMakeFiles/ServoPWM.dir/C_/Users/Administrador/.pico-sdk/sdk/2.1.0/src/rp2_common/hardware_clocks/clocks.c.obj
 .bss.drivers   0x20000494        0x4 CMakeFiles/ServoPWM.dir/C_/Users/Administrador/.pico-sdk/sdk/2.1.0/src/rp2_common/pico_stdio/stdio.c.obj
 .bss.filter    0x20000498        0x4 CMakeFiles/ServoPWM.dir/C_/Users/Administrador/.pico-sdk/sdk/2.1.0/src/rp2_common/pico_stdio/stdio.c.obj
 .bss.lazy_vsnprintf
                0x2000049c        0x4 CMakeFiles/ServoPWM.dir/C_/Users/Administrador/.pico-sdk/sdk/2.1.0/src/rp2_common/pico_printf/printf.c.obj
 .bss.object.0  0x200004a0       0x18 C:/Users/Administrador/.pico-sdk/toolchain/13_3_Rel1/bin/../lib/gcc/arm-none-eabi/13.3.1/thumb/v6-m/nofp/crtbegin.o
 .bss.pools     0x200004b8       0x10 CMakeFiles/ServoPWM.dir/C_/Users/Administrador/.pico-sdk/sdk/2.1.0/src/common/pico_time/time.c.obj
 .bss.sf_clz_func
                0x200004c8        0x4 CMakeFiles/ServoPWM.dir/C_/Users/Administrador/.pico-sdk/sdk/2.1.0/src/rp2_common/pico_double/double_init_rom_rp2040.c.obj
                0x200004c8                sf_clz_func
 .bss.sf_table  0x200004cc      0x100 CMakeFiles/ServoPWM.dir/C_/Users/Administrador/.pico-sdk/sdk/2.1.0/src/rp2_common/pico_float/float_init_rom_rp2040.c.obj
                0x200004cc                sf_table
 .bss.sleep_notifier
                0x200005cc        0x4 CMakeFiles/ServoPWM.dir/C_/Users/Administrador/.pico-sdk/sdk/2.1.0/src/common/pico_time/time.c.obj
 *(COMMON)
                0x200005d0                        . = ALIGN (0x4)
                0x200005d0                        __bss_end__ = .

.heap           0x200005d0      0x800 load address 0x10001a3c
                0x200005d0                        __end__ = .
                0x200005d0                        end = __end__
 *(.heap*)
 .heap          0x200005d0      0x800 CMakeFiles/ServoPWM.dir/C_/Users/Administrador/.pico-sdk/sdk/2.1.0/src/rp2_common/pico_crt0/crt0.S.obj
                0x20040000                        __HeapLimit = (ORIGIN (RAM) + LENGTH (RAM))

.scratch_x      0x20040000        0x0 load address 0x10001a3c
                0x20040000                        __scratch_x_start__ = .
 *(.scratch_x.*)
                0x20040000                        . = ALIGN (0x4)
                0x20040000                        __scratch_x_end__ = .
                0x10001a3c                        __scratch_x_source__ = LOADADDR (.scratch_x)

.scratch_y      0x20041000        0x0 load address 0x10001a3c
                0x20041000                        __scratch_y_start__ = .
 *(.scratch_y.*)
                0x20041000                        . = ALIGN (0x4)
                0x20041000                        __scratch_y_end__ = .
                0x10001a3c                        __scratch_y_source__ = LOADADDR (.scratch_y)

.stack1_dummy
 *(.stack1*)

.stack_dummy    0x20041000      0x800
 *(.stack*)
 .stack         0x20041000      0x800 CMakeFiles/ServoPWM.dir/C_/Users/Administrador/.pico-sdk/sdk/2.1.0/src/rp2_common/pico_crt0/crt0.S.obj

.flash_end      0x10001a3c        0x0
 *(.embedded_end_block*)
                0x10001a3c                        PROVIDE (__flash_binary_end = .)
                0x20040000                        __StackLimit = (ORIGIN (RAM) + LENGTH (RAM))
                0x20041000                        __StackOneTop = (ORIGIN (SCRATCH_X) + LENGTH (SCRATCH_X))
                0x20042000                        __StackTop = (ORIGIN (SCRATCH_Y) + LENGTH (SCRATCH_Y))
                0x20041000                        __StackOneBottom = (__StackOneTop - SIZEOF (.stack1_dummy))
                0x20041800                        __StackBottom = (__StackTop - SIZEOF (.stack_dummy))
                0x20042000                        PROVIDE (__stack = __StackTop)
                [!provide]                        PROVIDE (__heap_start = __end__)
                [!provide]                        PROVIDE (__heap_end = __HeapLimit)
                [!provide]                        PROVIDE (__tls_align = MAX (ALIGNOF (.tdata), ALIGNOF (.tbss)))
                [!provide]                        PROVIDE (__tls_size_align = (((__tls_size + __tls_align) - 0x1) & ~ ((__tls_align - 0x1))))
                [!provide]                        PROVIDE (__arm32_tls_tcb_offset = MAX (0x8, __tls_align))
                [!provide]                        PROVIDE (_end = __end__)
                [!provide]                        PROVIDE (__llvm_libc_heap_limit = __HeapLimit)
                0x00000001                        ASSERT ((__StackLimit >= __HeapLimit), region RAM overflowed)
                0x00000001                        ASSERT (((__binary_info_header_end - __logical_binary_start) <= 0x100), Binary info must be in first 256 bytes of the binary)
LOAD CMakeFiles/ServoPWM.dir/ServoPWM.c.obj
LOAD CMakeFiles/ServoPWM.dir/C_/Users/Administrador/.pico-sdk/sdk/2.1.0/src/rp2_common/pico_stdlib/stdlib.c.obj
LOAD CMakeFiles/ServoPWM.dir/C_/Users/Administrador/.pico-sdk/sdk/2.1.0/src/rp2_common/hardware_gpio/gpio.c.obj
LOAD CMakeFiles/ServoPWM.dir/C_/Users/Administrador/.pico-sdk/sdk/2.1.0/src/rp2040/pico_platform/platform.c.obj
LOAD CMakeFiles/ServoPWM.dir/C_/Users/Administrador/.pico-sdk/sdk/2.1.0/src/rp2_common/pico_platform_panic/panic.c.obj
LOAD CMakeFiles/ServoPWM.dir/C_/Users/Administrador/.pico-sdk/sdk/2.1.0/src/common/hardware_claim/claim.c.obj
LOAD CMakeFiles/ServoPWM.dir/C_/Users/Administrador/.pico-sdk/sdk/2.1.0/src/rp2_common/hardware_sync/sync.c.obj
LOAD CMakeFiles/ServoPWM.dir/C_/Users/Administrador/.pico-sdk/sdk/2.1.0/src/rp2_common/hardware_sync_spin_lock/sync_spin_lock.c.obj
LOAD CMakeFiles/ServoPWM.dir/C_/Users/Administrador/.pico-sdk/sdk/2.1.0/src/rp2_common/hardware_irq/irq.c.obj
LOAD CMakeFiles/ServoPWM.dir/C_/Users/Administrador/.pico-sdk/sdk/2.1.0/src/rp2_common/hardware_irq/irq_handler_chain.S.obj
LOAD CMakeFiles/ServoPWM.dir/C_/Users/Administrador/.pico-sdk/sdk/2.1.0/src/common/pico_sync/sem.c.obj
LOAD CMakeFiles/ServoPWM.dir/C_/Users/Administrador/.pico-sdk/sdk/2.1.0/src/common/pico_sync/lock_core.c.obj
LOAD CMakeFiles/ServoPWM.dir/C_/Users/Administrador/.pico-sdk/sdk/2.1.0/src/common/pico_sync/mutex.c.obj
LOAD CMakeFiles/ServoPWM.dir/C_/Users/Administrador/.pico-sdk/sdk/2.1.0/src/common/pico_sync/critical_section.c.obj
LOAD CMakeFiles/ServoPWM.dir/C_/Users/Administrador/.pico-sdk/sdk/2.1.0/src/common/pico_time/time.c.obj
LOAD CMakeFiles/ServoPWM.dir/C_/Users/Administrador/.pico-sdk/sdk/2.1.0/src/common/pico_time/timeout_helper.c.obj
LOAD CMakeFiles/ServoPWM.dir/C_/Users/Administrador/.pico-sdk/sdk/2.1.0/src/rp2_common/hardware_timer/timer.c.obj
LOAD CMakeFiles/ServoPWM.dir/C_/Users/Administrador/.pico-sdk/sdk/2.1.0/src/common/pico_util/datetime.c.obj
LOAD CMakeFiles/ServoPWM.dir/C_/Users/Administrador/.pico-sdk/sdk/2.1.0/src/common/pico_util/pheap.c.obj
LOAD CMakeFiles/ServoPWM.dir/C_/Users/Administrador/.pico-sdk/sdk/2.1.0/src/common/pico_util/queue.c.obj
LOAD CMakeFiles/ServoPWM.dir/C_/Users/Administrador/.pico-sdk/sdk/2.1.0/src/rp2_common/hardware_uart/uart.c.obj
LOAD CMakeFiles/ServoPWM.dir/C_/Users/Administrador/.pico-sdk/sdk/2.1.0/src/rp2_common/hardware_clocks/clocks.c.obj
LOAD CMakeFiles/ServoPWM.dir/C_/Users/Administrador/.pico-sdk/sdk/2.1.0/src/rp2_common/hardware_pll/pll.c.obj
LOAD CMakeFiles/ServoPWM.dir/C_/Users/Administrador/.pico-sdk/sdk/2.1.0/src/rp2_common/hardware_vreg/vreg.c.obj
LOAD CMakeFiles/ServoPWM.dir/C_/Users/Administrador/.pico-sdk/sdk/2.1.0/src/rp2_common/hardware_watchdog/watchdog.c.obj
LOAD CMakeFiles/ServoPWM.dir/C_/Users/Administrador/.pico-sdk/sdk/2.1.0/src/rp2_common/hardware_ticks/ticks.c.obj
LOAD CMakeFiles/ServoPWM.dir/C_/Users/Administrador/.pico-sdk/sdk/2.1.0/src/rp2_common/pico_bootrom/bootrom.c.obj
LOAD CMakeFiles/ServoPWM.dir/C_/Users/Administrador/.pico-sdk/sdk/2.1.0/src/rp2_common/pico_bootrom/bootrom_lock.c.obj
LOAD CMakeFiles/ServoPWM.dir/C_/Users/Administrador/.pico-sdk/sdk/2.1.0/src/rp2_common/hardware_boot_lock/boot_lock.c.obj
LOAD CMakeFiles/ServoPWM.dir/C_/Users/Administrador/.pico-sdk/sdk/2.1.0/src/rp2_common/pico_flash/flash.c.obj
LOAD CMakeFiles/ServoPWM.dir/C_/Users/Administrador/.pico-sdk/sdk/2.1.0/src/rp2_common/hardware_xosc/xosc.c.obj
LOAD CMakeFiles/ServoPWM.dir/C_/Users/Administrador/.pico-sdk/sdk/2.1.0/src/rp2_common/hardware_divider/divider.S.obj
LOAD CMakeFiles/ServoPWM.dir/C_/Users/Administrador/.pico-sdk/sdk/2.1.0/src/rp2_common/pico_runtime/runtime.c.obj
LOAD CMakeFiles/ServoPWM.dir/C_/Users/Administrador/.pico-sdk/sdk/2.1.0/src/rp2_common/pico_runtime_init/runtime_init.c.obj
LOAD CMakeFiles/ServoPWM.dir/C_/Users/Administrador/.pico-sdk/sdk/2.1.0/src/rp2_common/pico_runtime_init/runtime_init_clocks.c.obj
LOAD CMakeFiles/ServoPWM.dir/C_/Users/Administrador/.pico-sdk/sdk/2.1.0/src/rp2_common/pico_runtime_init/runtime_init_stack_guard.c.obj
LOAD CMakeFiles/ServoPWM.dir/C_/Users/Administrador/.pico-sdk/sdk/2.1.0/src/rp2_common/pico_bit_ops/bit_ops_aeabi.S.obj
LOAD CMakeFiles/ServoPWM.dir/C_/Users/Administrador/.pico-sdk/sdk/2.1.0/src/rp2_common/pico_divider/divider_hardware.S.obj
LOAD CMakeFiles/ServoPWM.dir/C_/Users/Administrador/.pico-sdk/sdk/2.1.0/src/rp2_common/pico_double/double_aeabi_rp2040.S.obj
LOAD CMakeFiles/ServoPWM.dir/C_/Users/Administrador/.pico-sdk/sdk/2.1.0/src/rp2_common/pico_double/double_init_rom_rp2040.c.obj
LOAD CMakeFiles/ServoPWM.dir/C_/Users/Administrador/.pico-sdk/sdk/2.1.0/src/rp2_common/pico_double/double_math.c.obj
LOAD CMakeFiles/ServoPWM.dir/C_/Users/Administrador/.pico-sdk/sdk/2.1.0/src/rp2_common/pico_double/double_v1_rom_shim_rp2040.S.obj
LOAD CMakeFiles/ServoPWM.dir/C_/Users/Administrador/.pico-sdk/sdk/2.1.0/src/rp2_common/pico_int64_ops/pico_int64_ops_aeabi.S.obj
LOAD CMakeFiles/ServoPWM.dir/C_/Users/Administrador/.pico-sdk/sdk/2.1.0/src/rp2_common/pico_float/float_aeabi_rp2040.S.obj
LOAD CMakeFiles/ServoPWM.dir/C_/Users/Administrador/.pico-sdk/sdk/2.1.0/src/rp2_common/pico_float/float_init_rom_rp2040.c.obj
LOAD CMakeFiles/ServoPWM.dir/C_/Users/Administrador/.pico-sdk/sdk/2.1.0/src/rp2_common/pico_float/float_math.c.obj
LOAD CMakeFiles/ServoPWM.dir/C_/Users/Administrador/.pico-sdk/sdk/2.1.0/src/rp2_common/pico_float/float_v1_rom_shim_rp2040.S.obj
LOAD CMakeFiles/ServoPWM.dir/C_/Users/Administrador/.pico-sdk/sdk/2.1.0/src/rp2_common/pico_malloc/malloc.c.obj
LOAD CMakeFiles/ServoPWM.dir/C_/Users/Administrador/.pico-sdk/sdk/2.1.0/src/rp2_common/pico_mem_ops/mem_ops_aeabi.S.obj
LOAD CMakeFiles/ServoPWM.dir/C_/Users/Administrador/.pico-sdk/sdk/2.1.0/src/rp2_common/pico_atomic/atomic.c.obj
LOAD CMakeFiles/ServoPWM.dir/C_/Users/Administrador/.pico-sdk/sdk/2.1.0/src/rp2_common/pico_cxx_options/new_delete.cpp.obj
LOAD CMakeFiles/ServoPWM.dir/C_/Users/Administrador/.pico-sdk/sdk/2.1.0/src/rp2_common/pico_standard_binary_info/standard_binary_info.c.obj
LOAD CMakeFiles/ServoPWM.dir/C_/Users/Administrador/.pico-sdk/sdk/2.1.0/src/rp2_common/pico_printf/printf.c.obj
LOAD CMakeFiles/ServoPWM.dir/C_/Users/Administrador/.pico-sdk/sdk/2.1.0/src/rp2_common/pico_crt0/crt0.S.obj
LOAD CMakeFiles/ServoPWM.dir/C_/Users/Administrador/.pico-sdk/sdk/2.1.0/src/rp2_common/pico_clib_interface/newlib_interface.c.obj
LOAD CMakeFiles/ServoPWM.dir/C_/Users/Administrador/.pico-sdk/sdk/2.1.0/src/rp2_common/pico_stdio/stdio.c.obj
LOAD pico-sdk/src/rp2040/boot_stage2/CMakeFiles/bs2_default_library.dir/./bs2_default_padded_checksummed.S.obj
LOAD C:/Users/Administrador/.pico-sdk/toolchain/13_3_Rel1/bin/../lib/gcc/arm-none-eabi/13.3.1/thumb/v6-m/nofp\libstdc++.a
LOAD C:/Users/Administrador/.pico-sdk/toolchain/13_3_Rel1/bin/../lib/gcc/arm-none-eabi/13.3.1/thumb/v6-m/nofp\libm.a
START GROUP
LOAD C:/Users/Administrador/.pico-sdk/toolchain/13_3_Rel1/bin/../lib/gcc/arm-none-eabi/13.3.1/thumb/v6-m/nofp\libgcc.a
LOAD C:/Users/Administrador/.pico-sdk/toolchain/13_3_Rel1/bin/../lib/gcc/arm-none-eabi/13.3.1/thumb/v6-m/nofp\libg.a
LOAD C:/Users/Administrador/.pico-sdk/toolchain/13_3_Rel1/bin/../lib/gcc/arm-none-eabi/13.3.1/thumb/v6-m/nofp\libc.a
END GROUP
START GROUP
LOAD C:/Users/Administrador/.pico-sdk/toolchain/13_3_Rel1/bin/../lib/gcc/arm-none-eabi/13.3.1/thumb/v6-m/nofp\libgcc.a
LOAD C:/Users/Administrador/.pico-sdk/toolchain/13_3_Rel1/bin/../lib/gcc/arm-none-eabi/13.3.1/thumb/v6-m/nofp\libc.a
LOAD C:/Users/Administrador/.pico-sdk/toolchain/13_3_Rel1/bin/../lib/gcc/arm-none-eabi/13.3.1/thumb/v6-m/nofp\libnosys.a
END GROUP
LOAD C:/Users/Administrador/.pico-sdk/toolchain/13_3_Rel1/bin/../lib/gcc/arm-none-eabi/13.3.1/thumb/v6-m/nofp/crtend.o
LOAD C:/Users/Administrador/.pico-sdk/toolchain/13_3_Rel1/bin/../lib/gcc/arm-none-eabi/13.3.1/thumb/v6-m/nofp/crtn.o
OUTPUT(ServoPWM.elf elf32-littlearm)
LOAD linker stubs

.ARM.attributes
                0x00000000       0x28
 .ARM.attributes
                0x00000000       0x1e C:/Users/Administrador/.pico-sdk/toolchain/13_3_Rel1/bin/../lib/gcc/arm-none-eabi/13.3.1/thumb/v6-m/nofp/crti.o
 .ARM.attributes
                0x0000001e       0x2c C:/Users/Administrador/.pico-sdk/toolchain/13_3_Rel1/bin/../lib/gcc/arm-none-eabi/13.3.1/thumb/v6-m/nofp/crtbegin.o
 .ARM.attributes
                0x0000004a       0x2c CMakeFiles/ServoPWM.dir/ServoPWM.c.obj
 .ARM.attributes
                0x00000076       0x2c CMakeFiles/ServoPWM.dir/C_/Users/Administrador/.pico-sdk/sdk/2.1.0/src/rp2_common/hardware_gpio/gpio.c.obj
 .ARM.attributes
                0x000000a2       0x2c CMakeFiles/ServoPWM.dir/C_/Users/Administrador/.pico-sdk/sdk/2.1.0/src/rp2_common/pico_platform_panic/panic.c.obj
 .ARM.attributes
                0x000000ce       0x2c CMakeFiles/ServoPWM.dir/C_/Users/Administrador/.pico-sdk/sdk/2.1.0/src/common/hardware_claim/claim.c.obj
 .ARM.attributes
                0x000000fa       0x2c CMakeFiles/ServoPWM.dir/C_/Users/Administrador/.pico-sdk/sdk/2.1.0/src/rp2_common/hardware_sync/sync.c.obj
 .ARM.attributes
                0x00000126       0x2c CMakeFiles/ServoPWM.dir/C_/Users/Administrador/.pico-sdk/sdk/2.1.0/src/rp2_common/hardware_sync_spin_lock/sync_spin_lock.c.obj
 .ARM.attributes
                0x00000152       0x2c CMakeFiles/ServoPWM.dir/C_/Users/Administrador/.pico-sdk/sdk/2.1.0/src/rp2_common/hardware_irq/irq.c.obj
 .ARM.attributes
                0x0000017e       0x2c CMakeFiles/ServoPWM.dir/C_/Users/Administrador/.pico-sdk/sdk/2.1.0/src/common/pico_sync/lock_core.c.obj
 .ARM.attributes
                0x000001aa       0x2c CMakeFiles/ServoPWM.dir/C_/Users/Administrador/.pico-sdk/sdk/2.1.0/src/common/pico_sync/mutex.c.obj
 .ARM.attributes
                0x000001d6       0x2c CMakeFiles/ServoPWM.dir/C_/Users/Administrador/.pico-sdk/sdk/2.1.0/src/common/pico_time/time.c.obj
 .ARM.attributes
                0x00000202       0x2c CMakeFiles/ServoPWM.dir/C_/Users/Administrador/.pico-sdk/sdk/2.1.0/src/rp2_common/hardware_timer/timer.c.obj
 .ARM.attributes
                0x0000022e       0x2c CMakeFiles/ServoPWM.dir/C_/Users/Administrador/.pico-sdk/sdk/2.1.0/src/rp2_common/hardware_clocks/clocks.c.obj
 .ARM.attributes
                0x0000025a       0x2c CMakeFiles/ServoPWM.dir/C_/Users/Administrador/.pico-sdk/sdk/2.1.0/src/rp2_common/hardware_pll/pll.c.obj
 .ARM.attributes
                0x00000286       0x2c CMakeFiles/ServoPWM.dir/C_/Users/Administrador/.pico-sdk/sdk/2.1.0/src/rp2_common/hardware_ticks/ticks.c.obj
 .ARM.attributes
                0x000002b2       0x2c CMakeFiles/ServoPWM.dir/C_/Users/Administrador/.pico-sdk/sdk/2.1.0/src/rp2_common/pico_bootrom/bootrom.c.obj
 .ARM.attributes
                0x000002de       0x2c CMakeFiles/ServoPWM.dir/C_/Users/Administrador/.pico-sdk/sdk/2.1.0/src/rp2_common/hardware_xosc/xosc.c.obj
 .ARM.attributes
                0x0000030a       0x2c CMakeFiles/ServoPWM.dir/C_/Users/Administrador/.pico-sdk/sdk/2.1.0/src/rp2_common/pico_runtime/runtime.c.obj
 .ARM.attributes
                0x00000336       0x2c CMakeFiles/ServoPWM.dir/C_/Users/Administrador/.pico-sdk/sdk/2.1.0/src/rp2_common/pico_runtime_init/runtime_init.c.obj
 .ARM.attributes
                0x00000362       0x2c CMakeFiles/ServoPWM.dir/C_/Users/Administrador/.pico-sdk/sdk/2.1.0/src/rp2_common/pico_runtime_init/runtime_init_clocks.c.obj
 .ARM.attributes
                0x0000038e       0x22 CMakeFiles/ServoPWM.dir/C_/Users/Administrador/.pico-sdk/sdk/2.1.0/src/rp2_common/pico_bit_ops/bit_ops_aeabi.S.obj
 .ARM.attributes
                0x000003b0       0x22 CMakeFiles/ServoPWM.dir/C_/Users/Administrador/.pico-sdk/sdk/2.1.0/src/rp2_common/pico_divider/divider_hardware.S.obj
 .ARM.attributes
                0x000003d2       0x22 CMakeFiles/ServoPWM.dir/C_/Users/Administrador/.pico-sdk/sdk/2.1.0/src/rp2_common/pico_double/double_aeabi_rp2040.S.obj
 .ARM.attributes
                0x000003f4       0x2c CMakeFiles/ServoPWM.dir/C_/Users/Administrador/.pico-sdk/sdk/2.1.0/src/rp2_common/pico_double/double_init_rom_rp2040.c.obj
 .ARM.attributes
                0x00000420       0x22 CMakeFiles/ServoPWM.dir/C_/Users/Administrador/.pico-sdk/sdk/2.1.0/src/rp2_common/pico_double/double_v1_rom_shim_rp2040.S.obj
 .ARM.attributes
                0x00000442       0x22 CMakeFiles/ServoPWM.dir/C_/Users/Administrador/.pico-sdk/sdk/2.1.0/src/rp2_common/pico_int64_ops/pico_int64_ops_aeabi.S.obj
 .ARM.attributes
                0x00000464       0x22 CMakeFiles/ServoPWM.dir/C_/Users/Administrador/.pico-sdk/sdk/2.1.0/src/rp2_common/pico_float/float_aeabi_rp2040.S.obj
 .ARM.attributes
                0x00000486       0x2c CMakeFiles/ServoPWM.dir/C_/Users/Administrador/.pico-sdk/sdk/2.1.0/src/rp2_common/pico_float/float_init_rom_rp2040.c.obj
 .ARM.attributes
                0x000004b2       0x22 CMakeFiles/ServoPWM.dir/C_/Users/Administrador/.pico-sdk/sdk/2.1.0/src/rp2_common/pico_mem_ops/mem_ops_aeabi.S.obj
 .ARM.attributes
                0x000004d4       0x2c CMakeFiles/ServoPWM.dir/C_/Users/Administrador/.pico-sdk/sdk/2.1.0/src/rp2_common/pico_standard_binary_info/standard_binary_info.c.obj
 .ARM.attributes
                0x00000500       0x2c CMakeFiles/ServoPWM.dir/C_/Users/Administrador/.pico-sdk/sdk/2.1.0/src/rp2_common/pico_printf/printf.c.obj
 .ARM.attributes
                0x0000052c       0x22 CMakeFiles/ServoPWM.dir/C_/Users/Administrador/.pico-sdk/sdk/2.1.0/src/rp2_common/pico_crt0/crt0.S.obj
 .ARM.attributes
                0x0000054e       0x2c CMakeFiles/ServoPWM.dir/C_/Users/Administrador/.pico-sdk/sdk/2.1.0/src/rp2_common/pico_clib_interface/newlib_interface.c.obj
 .ARM.attributes
                0x0000057a       0x2c CMakeFiles/ServoPWM.dir/C_/Users/Administrador/.pico-sdk/sdk/2.1.0/src/rp2_common/pico_stdio/stdio.c.obj
 .ARM.attributes
                0x000005a6       0x22 pico-sdk/src/rp2040/boot_stage2/CMakeFiles/bs2_default_library.dir/./bs2_default_padded_checksummed.S.obj
 .ARM.attributes
                0x000005c8       0x1e C:/Users/Administrador/.pico-sdk/toolchain/13_3_Rel1/bin/../lib/gcc/arm-none-eabi/13.3.1/thumb/v6-m/nofp\libgcc.a(_dvmd_tls.o)
 .ARM.attributes
                0x000005e6       0x2c C:/Users/Administrador/.pico-sdk/toolchain/13_3_Rel1/bin/../lib/gcc/arm-none-eabi/13.3.1/thumb/v6-m/nofp\libg.a(libc_a-strlen-stub.o)
 .ARM.attributes
                0x00000612       0x2c C:/Users/Administrador/.pico-sdk/toolchain/13_3_Rel1/bin/../lib/gcc/arm-none-eabi/13.3.1/thumb/v6-m/nofp/crtend.o

.comment        0x00000000       0x45
 .comment       0x00000000       0x45 CMakeFiles/ServoPWM.dir/ServoPWM.c.obj
                                 0x46 (size before relaxing)
 .comment       0x00000045       0x46 CMakeFiles/ServoPWM.dir/C_/Users/Administrador/.pico-sdk/sdk/2.1.0/src/rp2_common/hardware_gpio/gpio.c.obj
 .comment       0x00000045       0x46 CMakeFiles/ServoPWM.dir/C_/Users/Administrador/.pico-sdk/sdk/2.1.0/src/rp2_common/pico_platform_panic/panic.c.obj
 .comment       0x00000045       0x46 CMakeFiles/ServoPWM.dir/C_/Users/Administrador/.pico-sdk/sdk/2.1.0/src/common/hardware_claim/claim.c.obj
 .comment       0x00000045       0x46 CMakeFiles/ServoPWM.dir/C_/Users/Administrador/.pico-sdk/sdk/2.1.0/src/rp2_common/hardware_sync/sync.c.obj
 .comment       0x00000045       0x46 CMakeFiles/ServoPWM.dir/C_/Users/Administrador/.pico-sdk/sdk/2.1.0/src/rp2_common/hardware_sync_spin_lock/sync_spin_lock.c.obj
 .comment       0x00000045       0x46 CMakeFiles/ServoPWM.dir/C_/Users/Administrador/.pico-sdk/sdk/2.1.0/src/rp2_common/hardware_irq/irq.c.obj
 .comment       0x00000045       0x46 CMakeFiles/ServoPWM.dir/C_/Users/Administrador/.pico-sdk/sdk/2.1.0/src/common/pico_sync/lock_core.c.obj
 .comment       0x00000045       0x46 CMakeFiles/ServoPWM.dir/C_/Users/Administrador/.pico-sdk/sdk/2.1.0/src/common/pico_sync/mutex.c.obj
 .comment       0x00000045       0x46 CMakeFiles/ServoPWM.dir/C_/Users/Administrador/.pico-sdk/sdk/2.1.0/src/common/pico_time/time.c.obj
 .comment       0x00000045       0x46 CMakeFiles/ServoPWM.dir/C_/Users/Administrador/.pico-sdk/sdk/2.1.0/src/rp2_common/hardware_timer/timer.c.obj
 .comment       0x00000045       0x46 CMakeFiles/ServoPWM.dir/C_/Users/Administrador/.pico-sdk/sdk/2.1.0/src/rp2_common/hardware_clocks/clocks.c.obj
 .comment       0x00000045       0x46 CMakeFiles/ServoPWM.dir/C_/Users/Administrador/.pico-sdk/sdk/2.1.0/src/rp2_common/hardware_pll/pll.c.obj
 .comment       0x00000045       0x46 CMakeFiles/ServoPWM.dir/C_/Users/Administrador/.pico-sdk/sdk/2.1.0/src/rp2_common/hardware_ticks/ticks.c.obj
 .comment       0x00000045       0x46 CMakeFiles/ServoPWM.dir/C_/Users/Administrador/.pico-sdk/sdk/2.1.0/src/rp2_common/pico_bootrom/bootrom.c.obj
 .comment       0x00000045       0x46 CMakeFiles/ServoPWM.dir/C_/Users/Administrador/.pico-sdk/sdk/2.1.0/src/rp2_common/hardware_xosc/xosc.c.obj
 .comment       0x00000045       0x46 CMakeFiles/ServoPWM.dir/C_/Users/Administrador/.pico-sdk/sdk/2.1.0/src/rp2_common/pico_runtime/runtime.c.obj
 .comment       0x00000045       0x46 CMakeFiles/ServoPWM.dir/C_/Users/Administrador/.pico-sdk/sdk/2.1.0/src/rp2_common/pico_runtime_init/runtime_init.c.obj
 .comment       0x00000045       0x46 CMakeFiles/ServoPWM.dir/C_/Users/Administrador/.pico-sdk/sdk/2.1.0/src/rp2_common/pico_runtime_init/runtime_init_clocks.c.obj
 .comment       0x00000045       0x46 CMakeFiles/ServoPWM.dir/C_/Users/Administrador/.pico-sdk/sdk/2.1.0/src/rp2_common/pico_double/double_init_rom_rp2040.c.obj
 .comment       0x00000045       0x46 CMakeFiles/ServoPWM.dir/C_/Users/Administrador/.pico-sdk/sdk/2.1.0/src/rp2_common/pico_float/float_init_rom_rp2040.c.obj
 .comment       0x00000045       0x46 CMakeFiles/ServoPWM.dir/C_/Users/Administrador/.pico-sdk/sdk/2.1.0/src/rp2_common/pico_standard_binary_info/standard_binary_info.c.obj
 .comment       0x00000045       0x46 CMakeFiles/ServoPWM.dir/C_/Users/Administrador/.pico-sdk/sdk/2.1.0/src/rp2_common/pico_printf/printf.c.obj
 .comment       0x00000045       0x46 CMakeFiles/ServoPWM.dir/C_/Users/Administrador/.pico-sdk/sdk/2.1.0/src/rp2_common/pico_clib_interface/newlib_interface.c.obj
 .comment       0x00000045       0x46 CMakeFiles/ServoPWM.dir/C_/Users/Administrador/.pico-sdk/sdk/2.1.0/src/rp2_common/pico_stdio/stdio.c.obj

.debug_info     0x00000000    0x19c57
 .debug_info    0x00000000      0xca1 CMakeFiles/ServoPWM.dir/ServoPWM.c.obj
 .debug_info    0x00000ca1     0x2437 CMakeFiles/ServoPWM.dir/C_/Users/Administrador/.pico-sdk/sdk/2.1.0/src/rp2_common/hardware_gpio/gpio.c.obj
 .debug_info    0x000030d8      0x1bf CMakeFiles/ServoPWM.dir/C_/Users/Administrador/.pico-sdk/sdk/2.1.0/src/rp2_common/pico_platform_panic/panic.c.obj
 .debug_info    0x00003297      0x995 CMakeFiles/ServoPWM.dir/C_/Users/Administrador/.pico-sdk/sdk/2.1.0/src/common/hardware_claim/claim.c.obj
 .debug_info    0x00003c2c      0x458 CMakeFiles/ServoPWM.dir/C_/Users/Administrador/.pico-sdk/sdk/2.1.0/src/rp2_common/hardware_sync/sync.c.obj
 .debug_info    0x00004084      0x245 CMakeFiles/ServoPWM.dir/C_/Users/Administrador/.pico-sdk/sdk/2.1.0/src/rp2_common/hardware_sync_spin_lock/sync_spin_lock.c.obj
 .debug_info    0x000042c9     0x21a8 CMakeFiles/ServoPWM.dir/C_/Users/Administrador/.pico-sdk/sdk/2.1.0/src/rp2_common/hardware_irq/irq.c.obj
 .debug_info    0x00006471      0x15f CMakeFiles/ServoPWM.dir/C_/Users/Administrador/.pico-sdk/sdk/2.1.0/src/common/pico_sync/lock_core.c.obj
 .debug_info    0x000065d0     0x2803 CMakeFiles/ServoPWM.dir/C_/Users/Administrador/.pico-sdk/sdk/2.1.0/src/common/pico_sync/mutex.c.obj
 .debug_info    0x00008dd3     0x485e CMakeFiles/ServoPWM.dir/C_/Users/Administrador/.pico-sdk/sdk/2.1.0/src/common/pico_time/time.c.obj
 .debug_info    0x0000d631     0x2b11 CMakeFiles/ServoPWM.dir/C_/Users/Administrador/.pico-sdk/sdk/2.1.0/src/rp2_common/hardware_timer/timer.c.obj
 .debug_info    0x00010142     0x2935 CMakeFiles/ServoPWM.dir/C_/Users/Administrador/.pico-sdk/sdk/2.1.0/src/rp2_common/hardware_clocks/clocks.c.obj
 .debug_info    0x00012a77      0x4e5 CMakeFiles/ServoPWM.dir/C_/Users/Administrador/.pico-sdk/sdk/2.1.0/src/rp2_common/hardware_pll/pll.c.obj
 .debug_info    0x00012f5c      0x248 CMakeFiles/ServoPWM.dir/C_/Users/Administrador/.pico-sdk/sdk/2.1.0/src/rp2_common/hardware_ticks/ticks.c.obj
 .debug_info    0x000131a4      0x633 CMakeFiles/ServoPWM.dir/C_/Users/Administrador/.pico-sdk/sdk/2.1.0/src/rp2_common/pico_bootrom/bootrom.c.obj
 .debug_info    0x000137d7      0x1cc CMakeFiles/ServoPWM.dir/C_/Users/Administrador/.pico-sdk/sdk/2.1.0/src/rp2_common/hardware_xosc/xosc.c.obj
 .debug_info    0x000139a3      0x21a CMakeFiles/ServoPWM.dir/C_/Users/Administrador/.pico-sdk/sdk/2.1.0/src/rp2_common/pico_runtime/runtime.c.obj
 .debug_info    0x00013bbd      0x795 CMakeFiles/ServoPWM.dir/C_/Users/Administrador/.pico-sdk/sdk/2.1.0/src/rp2_common/pico_runtime_init/runtime_init.c.obj
 .debug_info    0x00014352      0x780 CMakeFiles/ServoPWM.dir/C_/Users/Administrador/.pico-sdk/sdk/2.1.0/src/rp2_common/pico_runtime_init/runtime_init_clocks.c.obj
 .debug_info    0x00014ad2       0x23 CMakeFiles/ServoPWM.dir/C_/Users/Administrador/.pico-sdk/sdk/2.1.0/src/rp2_common/pico_bit_ops/bit_ops_aeabi.S.obj
 .debug_info    0x00014af5       0x23 CMakeFiles/ServoPWM.dir/C_/Users/Administrador/.pico-sdk/sdk/2.1.0/src/rp2_common/pico_divider/divider_hardware.S.obj
 .debug_info    0x00014b18       0x23 CMakeFiles/ServoPWM.dir/C_/Users/Administrador/.pico-sdk/sdk/2.1.0/src/rp2_common/pico_double/double_aeabi_rp2040.S.obj
 .debug_info    0x00014b3b      0x2d0 CMakeFiles/ServoPWM.dir/C_/Users/Administrador/.pico-sdk/sdk/2.1.0/src/rp2_common/pico_double/double_init_rom_rp2040.c.obj
 .debug_info    0x00014e0b       0x24 CMakeFiles/ServoPWM.dir/C_/Users/Administrador/.pico-sdk/sdk/2.1.0/src/rp2_common/pico_double/double_v1_rom_shim_rp2040.S.obj
 .debug_info    0x00014e2f       0x24 CMakeFiles/ServoPWM.dir/C_/Users/Administrador/.pico-sdk/sdk/2.1.0/src/rp2_common/pico_int64_ops/pico_int64_ops_aeabi.S.obj
 .debug_info    0x00014e53       0x23 CMakeFiles/ServoPWM.dir/C_/Users/Administrador/.pico-sdk/sdk/2.1.0/src/rp2_common/pico_float/float_aeabi_rp2040.S.obj
 .debug_info    0x00014e76      0x2bc CMakeFiles/ServoPWM.dir/C_/Users/Administrador/.pico-sdk/sdk/2.1.0/src/rp2_common/pico_float/float_init_rom_rp2040.c.obj
 .debug_info    0x00015132       0x23 CMakeFiles/ServoPWM.dir/C_/Users/Administrador/.pico-sdk/sdk/2.1.0/src/rp2_common/pico_mem_ops/mem_ops_aeabi.S.obj
 .debug_info    0x00015155      0x2e2 CMakeFiles/ServoPWM.dir/C_/Users/Administrador/.pico-sdk/sdk/2.1.0/src/rp2_common/pico_standard_binary_info/standard_binary_info.c.obj
 .debug_info    0x00015437     0x211a CMakeFiles/ServoPWM.dir/C_/Users/Administrador/.pico-sdk/sdk/2.1.0/src/rp2_common/pico_printf/printf.c.obj
 .debug_info    0x00017551       0x23 CMakeFiles/ServoPWM.dir/C_/Users/Administrador/.pico-sdk/sdk/2.1.0/src/rp2_common/pico_crt0/crt0.S.obj
 .debug_info    0x00017574      0xb54 CMakeFiles/ServoPWM.dir/C_/Users/Administrador/.pico-sdk/sdk/2.1.0/src/rp2_common/pico_clib_interface/newlib_interface.c.obj
 .debug_info    0x000180c8     0x1b8f CMakeFiles/ServoPWM.dir/C_/Users/Administrador/.pico-sdk/sdk/2.1.0/src/rp2_common/pico_stdio/stdio.c.obj

.debug_abbrev   0x00000000     0x4b54
 .debug_abbrev  0x00000000      0x321 CMakeFiles/ServoPWM.dir/ServoPWM.c.obj
 .debug_abbrev  0x00000321      0x4f9 CMakeFiles/ServoPWM.dir/C_/Users/Administrador/.pico-sdk/sdk/2.1.0/src/rp2_common/hardware_gpio/gpio.c.obj
 .debug_abbrev  0x0000081a      0x12b CMakeFiles/ServoPWM.dir/C_/Users/Administrador/.pico-sdk/sdk/2.1.0/src/rp2_common/pico_platform_panic/panic.c.obj
 .debug_abbrev  0x00000945      0x33b CMakeFiles/ServoPWM.dir/C_/Users/Administrador/.pico-sdk/sdk/2.1.0/src/common/hardware_claim/claim.c.obj
 .debug_abbrev  0x00000c80      0x20d CMakeFiles/ServoPWM.dir/C_/Users/Administrador/.pico-sdk/sdk/2.1.0/src/rp2_common/hardware_sync/sync.c.obj
 .debug_abbrev  0x00000e8d      0x1bb CMakeFiles/ServoPWM.dir/C_/Users/Administrador/.pico-sdk/sdk/2.1.0/src/rp2_common/hardware_sync_spin_lock/sync_spin_lock.c.obj
 .debug_abbrev  0x00001048      0x5ff CMakeFiles/ServoPWM.dir/C_/Users/Administrador/.pico-sdk/sdk/2.1.0/src/rp2_common/hardware_irq/irq.c.obj
 .debug_abbrev  0x00001647       0xee CMakeFiles/ServoPWM.dir/C_/Users/Administrador/.pico-sdk/sdk/2.1.0/src/common/pico_sync/lock_core.c.obj
 .debug_abbrev  0x00001735      0x48c CMakeFiles/ServoPWM.dir/C_/Users/Administrador/.pico-sdk/sdk/2.1.0/src/common/pico_sync/mutex.c.obj
 .debug_abbrev  0x00001bc1      0x67b CMakeFiles/ServoPWM.dir/C_/Users/Administrador/.pico-sdk/sdk/2.1.0/src/common/pico_time/time.c.obj
 .debug_abbrev  0x0000223c      0x4f2 CMakeFiles/ServoPWM.dir/C_/Users/Administrador/.pico-sdk/sdk/2.1.0/src/rp2_common/hardware_timer/timer.c.obj
 .debug_abbrev  0x0000272e      0x4e2 CMakeFiles/ServoPWM.dir/C_/Users/Administrador/.pico-sdk/sdk/2.1.0/src/rp2_common/hardware_clocks/clocks.c.obj
 .debug_abbrev  0x00002c10      0x1d2 CMakeFiles/ServoPWM.dir/C_/Users/Administrador/.pico-sdk/sdk/2.1.0/src/rp2_common/hardware_pll/pll.c.obj
 .debug_abbrev  0x00002de2      0x145 CMakeFiles/ServoPWM.dir/C_/Users/Administrador/.pico-sdk/sdk/2.1.0/src/rp2_common/hardware_ticks/ticks.c.obj
 .debug_abbrev  0x00002f27      0x1d7 CMakeFiles/ServoPWM.dir/C_/Users/Administrador/.pico-sdk/sdk/2.1.0/src/rp2_common/pico_bootrom/bootrom.c.obj
 .debug_abbrev  0x000030fe      0x11b CMakeFiles/ServoPWM.dir/C_/Users/Administrador/.pico-sdk/sdk/2.1.0/src/rp2_common/hardware_xosc/xosc.c.obj
 .debug_abbrev  0x00003219      0x182 CMakeFiles/ServoPWM.dir/C_/Users/Administrador/.pico-sdk/sdk/2.1.0/src/rp2_common/pico_runtime/runtime.c.obj
 .debug_abbrev  0x0000339b      0x222 CMakeFiles/ServoPWM.dir/C_/Users/Administrador/.pico-sdk/sdk/2.1.0/src/rp2_common/pico_runtime_init/runtime_init.c.obj
 .debug_abbrev  0x000035bd      0x294 CMakeFiles/ServoPWM.dir/C_/Users/Administrador/.pico-sdk/sdk/2.1.0/src/rp2_common/pico_runtime_init/runtime_init_clocks.c.obj
 .debug_abbrev  0x00003851       0x12 CMakeFiles/ServoPWM.dir/C_/Users/Administrador/.pico-sdk/sdk/2.1.0/src/rp2_common/pico_bit_ops/bit_ops_aeabi.S.obj
 .debug_abbrev  0x00003863       0x12 CMakeFiles/ServoPWM.dir/C_/Users/Administrador/.pico-sdk/sdk/2.1.0/src/rp2_common/pico_divider/divider_hardware.S.obj
 .debug_abbrev  0x00003875       0x12 CMakeFiles/ServoPWM.dir/C_/Users/Administrador/.pico-sdk/sdk/2.1.0/src/rp2_common/pico_double/double_aeabi_rp2040.S.obj
 .debug_abbrev  0x00003887      0x1bb CMakeFiles/ServoPWM.dir/C_/Users/Administrador/.pico-sdk/sdk/2.1.0/src/rp2_common/pico_double/double_init_rom_rp2040.c.obj
 .debug_abbrev  0x00003a42       0x14 CMakeFiles/ServoPWM.dir/C_/Users/Administrador/.pico-sdk/sdk/2.1.0/src/rp2_common/pico_double/double_v1_rom_shim_rp2040.S.obj
 .debug_abbrev  0x00003a56       0x14 CMakeFiles/ServoPWM.dir/C_/Users/Administrador/.pico-sdk/sdk/2.1.0/src/rp2_common/pico_int64_ops/pico_int64_ops_aeabi.S.obj
 .debug_abbrev  0x00003a6a       0x12 CMakeFiles/ServoPWM.dir/C_/Users/Administrador/.pico-sdk/sdk/2.1.0/src/rp2_common/pico_float/float_aeabi_rp2040.S.obj
 .debug_abbrev  0x00003a7c      0x19e CMakeFiles/ServoPWM.dir/C_/Users/Administrador/.pico-sdk/sdk/2.1.0/src/rp2_common/pico_float/float_init_rom_rp2040.c.obj
 .debug_abbrev  0x00003c1a       0x12 CMakeFiles/ServoPWM.dir/C_/Users/Administrador/.pico-sdk/sdk/2.1.0/src/rp2_common/pico_mem_ops/mem_ops_aeabi.S.obj
 .debug_abbrev  0x00003c2c       0xb8 CMakeFiles/ServoPWM.dir/C_/Users/Administrador/.pico-sdk/sdk/2.1.0/src/rp2_common/pico_standard_binary_info/standard_binary_info.c.obj
 .debug_abbrev  0x00003ce4      0x525 CMakeFiles/ServoPWM.dir/C_/Users/Administrador/.pico-sdk/sdk/2.1.0/src/rp2_common/pico_printf/printf.c.obj
 .debug_abbrev  0x00004209       0x12 CMakeFiles/ServoPWM.dir/C_/Users/Administrador/.pico-sdk/sdk/2.1.0/src/rp2_common/pico_crt0/crt0.S.obj
 .debug_abbrev  0x0000421b      0x352 CMakeFiles/ServoPWM.dir/C_/Users/Administrador/.pico-sdk/sdk/2.1.0/src/rp2_common/pico_clib_interface/newlib_interface.c.obj
 .debug_abbrev  0x0000456d      0x5e7 CMakeFiles/ServoPWM.dir/C_/Users/Administrador/.pico-sdk/sdk/2.1.0/src/rp2_common/pico_stdio/stdio.c.obj

.debug_loclists
                0x00000000     0xf467
 .debug_loclists
                0x00000000      0x721 CMakeFiles/ServoPWM.dir/ServoPWM.c.obj
 .debug_loclists
                0x00000721     0x1a03 CMakeFiles/ServoPWM.dir/C_/Users/Administrador/.pico-sdk/sdk/2.1.0/src/rp2_common/hardware_gpio/gpio.c.obj
 .debug_loclists
                0x00002124      0x36e CMakeFiles/ServoPWM.dir/C_/Users/Administrador/.pico-sdk/sdk/2.1.0/src/common/hardware_claim/claim.c.obj
 .debug_loclists
                0x00002492       0xf1 CMakeFiles/ServoPWM.dir/C_/Users/Administrador/.pico-sdk/sdk/2.1.0/src/rp2_common/hardware_sync/sync.c.obj
 .debug_loclists
                0x00002583       0x7d CMakeFiles/ServoPWM.dir/C_/Users/Administrador/.pico-sdk/sdk/2.1.0/src/rp2_common/hardware_sync_spin_lock/sync_spin_lock.c.obj
 .debug_loclists
                0x00002600     0x116f CMakeFiles/ServoPWM.dir/C_/Users/Administrador/.pico-sdk/sdk/2.1.0/src/rp2_common/hardware_irq/irq.c.obj
 .debug_loclists
                0x0000376f       0x41 CMakeFiles/ServoPWM.dir/C_/Users/Administrador/.pico-sdk/sdk/2.1.0/src/common/pico_sync/lock_core.c.obj
 .debug_loclists
                0x000037b0      0xafa CMakeFiles/ServoPWM.dir/C_/Users/Administrador/.pico-sdk/sdk/2.1.0/src/common/pico_sync/mutex.c.obj
 .debug_loclists
                0x000042aa     0x24bd CMakeFiles/ServoPWM.dir/C_/Users/Administrador/.pico-sdk/sdk/2.1.0/src/common/pico_time/time.c.obj
 .debug_loclists
                0x00006767     0x1a12 CMakeFiles/ServoPWM.dir/C_/Users/Administrador/.pico-sdk/sdk/2.1.0/src/rp2_common/hardware_timer/timer.c.obj
 .debug_loclists
                0x00008179     0x28a5 CMakeFiles/ServoPWM.dir/C_/Users/Administrador/.pico-sdk/sdk/2.1.0/src/rp2_common/hardware_clocks/clocks.c.obj
 .debug_loclists
                0x0000aa1e      0x1e0 CMakeFiles/ServoPWM.dir/C_/Users/Administrador/.pico-sdk/sdk/2.1.0/src/rp2_common/hardware_pll/pll.c.obj
 .debug_loclists
                0x0000abfe       0x47 CMakeFiles/ServoPWM.dir/C_/Users/Administrador/.pico-sdk/sdk/2.1.0/src/rp2_common/hardware_ticks/ticks.c.obj
 .debug_loclists
                0x0000ac45      0x38a CMakeFiles/ServoPWM.dir/C_/Users/Administrador/.pico-sdk/sdk/2.1.0/src/rp2_common/pico_bootrom/bootrom.c.obj
 .debug_loclists
                0x0000afcf       0x48 CMakeFiles/ServoPWM.dir/C_/Users/Administrador/.pico-sdk/sdk/2.1.0/src/rp2_common/hardware_xosc/xosc.c.obj
 .debug_loclists
                0x0000b017       0x7e CMakeFiles/ServoPWM.dir/C_/Users/Administrador/.pico-sdk/sdk/2.1.0/src/rp2_common/pico_runtime/runtime.c.obj
 .debug_loclists
                0x0000b095       0xba CMakeFiles/ServoPWM.dir/C_/Users/Administrador/.pico-sdk/sdk/2.1.0/src/rp2_common/pico_runtime_init/runtime_init.c.obj
 .debug_loclists
                0x0000b14f       0x74 CMakeFiles/ServoPWM.dir/C_/Users/Administrador/.pico-sdk/sdk/2.1.0/src/rp2_common/pico_runtime_init/runtime_init_clocks.c.obj
 .debug_loclists
                0x0000b1c3       0x35 CMakeFiles/ServoPWM.dir/C_/Users/Administrador/.pico-sdk/sdk/2.1.0/src/rp2_common/pico_double/double_init_rom_rp2040.c.obj
 .debug_loclists
                0x0000b1f8       0x4e CMakeFiles/ServoPWM.dir/C_/Users/Administrador/.pico-sdk/sdk/2.1.0/src/rp2_common/pico_float/float_init_rom_rp2040.c.obj
 .debug_loclists
                0x0000b246     0x2f65 CMakeFiles/ServoPWM.dir/C_/Users/Administrador/.pico-sdk/sdk/2.1.0/src/rp2_common/pico_printf/printf.c.obj
 .debug_loclists
                0x0000e1ab      0x431 CMakeFiles/ServoPWM.dir/C_/Users/Administrador/.pico-sdk/sdk/2.1.0/src/rp2_common/pico_clib_interface/newlib_interface.c.obj
 .debug_loclists
                0x0000e5dc      0xe8b CMakeFiles/ServoPWM.dir/C_/Users/Administrador/.pico-sdk/sdk/2.1.0/src/rp2_common/pico_stdio/stdio.c.obj

.debug_aranges  0x00000000      0xd68
 .debug_aranges
                0x00000000       0x28 CMakeFiles/ServoPWM.dir/ServoPWM.c.obj
 .debug_aranges
                0x00000028      0x120 CMakeFiles/ServoPWM.dir/C_/Users/Administrador/.pico-sdk/sdk/2.1.0/src/rp2_common/hardware_gpio/gpio.c.obj
 .debug_aranges
                0x00000148       0x28 CMakeFiles/ServoPWM.dir/C_/Users/Administrador/.pico-sdk/sdk/2.1.0/src/rp2_common/pico_platform_panic/panic.c.obj
 .debug_aranges
                0x00000170       0x48 CMakeFiles/ServoPWM.dir/C_/Users/Administrador/.pico-sdk/sdk/2.1.0/src/common/hardware_claim/claim.c.obj
 .debug_aranges
                0x000001b8       0x48 CMakeFiles/ServoPWM.dir/C_/Users/Administrador/.pico-sdk/sdk/2.1.0/src/rp2_common/hardware_sync/sync.c.obj
 .debug_aranges
                0x00000200       0x28 CMakeFiles/ServoPWM.dir/C_/Users/Administrador/.pico-sdk/sdk/2.1.0/src/rp2_common/hardware_sync_spin_lock/sync_spin_lock.c.obj
 .debug_aranges
                0x00000228       0xb0 CMakeFiles/ServoPWM.dir/C_/Users/Administrador/.pico-sdk/sdk/2.1.0/src/rp2_common/hardware_irq/irq.c.obj
 .debug_aranges
                0x000002d8       0x20 CMakeFiles/ServoPWM.dir/C_/Users/Administrador/.pico-sdk/sdk/2.1.0/src/common/pico_sync/lock_core.c.obj
 .debug_aranges
                0x000002f8       0x98 CMakeFiles/ServoPWM.dir/C_/Users/Administrador/.pico-sdk/sdk/2.1.0/src/common/pico_sync/mutex.c.obj
 .debug_aranges
                0x00000390       0xe0 CMakeFiles/ServoPWM.dir/C_/Users/Administrador/.pico-sdk/sdk/2.1.0/src/common/pico_time/time.c.obj
 .debug_aranges
                0x00000470       0xf0 CMakeFiles/ServoPWM.dir/C_/Users/Administrador/.pico-sdk/sdk/2.1.0/src/rp2_common/hardware_timer/timer.c.obj
 .debug_aranges
                0x00000560       0x90 CMakeFiles/ServoPWM.dir/C_/Users/Administrador/.pico-sdk/sdk/2.1.0/src/rp2_common/hardware_clocks/clocks.c.obj
 .debug_aranges
                0x000005f0       0x28 CMakeFiles/ServoPWM.dir/C_/Users/Administrador/.pico-sdk/sdk/2.1.0/src/rp2_common/hardware_pll/pll.c.obj
 .debug_aranges
                0x00000618       0x30 CMakeFiles/ServoPWM.dir/C_/Users/Administrador/.pico-sdk/sdk/2.1.0/src/rp2_common/hardware_ticks/ticks.c.obj
 .debug_aranges
                0x00000648       0x40 CMakeFiles/ServoPWM.dir/C_/Users/Administrador/.pico-sdk/sdk/2.1.0/src/rp2_common/pico_bootrom/bootrom.c.obj
 .debug_aranges
                0x00000688       0x30 CMakeFiles/ServoPWM.dir/C_/Users/Administrador/.pico-sdk/sdk/2.1.0/src/rp2_common/hardware_xosc/xosc.c.obj
 .debug_aranges
                0x000006b8       0x38 CMakeFiles/ServoPWM.dir/C_/Users/Administrador/.pico-sdk/sdk/2.1.0/src/rp2_common/pico_runtime/runtime.c.obj
 .debug_aranges
                0x000006f0       0x48 CMakeFiles/ServoPWM.dir/C_/Users/Administrador/.pico-sdk/sdk/2.1.0/src/rp2_common/pico_runtime_init/runtime_init.c.obj
 .debug_aranges
                0x00000738       0x20 CMakeFiles/ServoPWM.dir/C_/Users/Administrador/.pico-sdk/sdk/2.1.0/src/rp2_common/pico_runtime_init/runtime_init_clocks.c.obj
 .debug_aranges
                0x00000758       0x60 CMakeFiles/ServoPWM.dir/C_/Users/Administrador/.pico-sdk/sdk/2.1.0/src/rp2_common/pico_bit_ops/bit_ops_aeabi.S.obj
 .debug_aranges
                0x000007b8       0x40 CMakeFiles/ServoPWM.dir/C_/Users/Administrador/.pico-sdk/sdk/2.1.0/src/rp2_common/pico_divider/divider_hardware.S.obj
 .debug_aranges
                0x000007f8      0x140 CMakeFiles/ServoPWM.dir/C_/Users/Administrador/.pico-sdk/sdk/2.1.0/src/rp2_common/pico_double/double_aeabi_rp2040.S.obj
 .debug_aranges
                0x00000938       0x28 CMakeFiles/ServoPWM.dir/C_/Users/Administrador/.pico-sdk/sdk/2.1.0/src/rp2_common/pico_double/double_init_rom_rp2040.c.obj
 .debug_aranges
                0x00000960       0x20 CMakeFiles/ServoPWM.dir/C_/Users/Administrador/.pico-sdk/sdk/2.1.0/src/rp2_common/pico_double/double_v1_rom_shim_rp2040.S.obj
 .debug_aranges
                0x00000980       0x20 CMakeFiles/ServoPWM.dir/C_/Users/Administrador/.pico-sdk/sdk/2.1.0/src/rp2_common/pico_int64_ops/pico_int64_ops_aeabi.S.obj
 .debug_aranges
                0x000009a0      0x130 CMakeFiles/ServoPWM.dir/C_/Users/Administrador/.pico-sdk/sdk/2.1.0/src/rp2_common/pico_float/float_aeabi_rp2040.S.obj
 .debug_aranges
                0x00000ad0       0x28 CMakeFiles/ServoPWM.dir/C_/Users/Administrador/.pico-sdk/sdk/2.1.0/src/rp2_common/pico_float/float_init_rom_rp2040.c.obj
 .debug_aranges
                0x00000af8       0x38 CMakeFiles/ServoPWM.dir/C_/Users/Administrador/.pico-sdk/sdk/2.1.0/src/rp2_common/pico_mem_ops/mem_ops_aeabi.S.obj
 .debug_aranges
                0x00000b30       0x18 CMakeFiles/ServoPWM.dir/C_/Users/Administrador/.pico-sdk/sdk/2.1.0/src/rp2_common/pico_standard_binary_info/standard_binary_info.c.obj
 .debug_aranges
                0x00000b48       0x90 CMakeFiles/ServoPWM.dir/C_/Users/Administrador/.pico-sdk/sdk/2.1.0/src/rp2_common/pico_printf/printf.c.obj
 .debug_aranges
                0x00000bd8       0x28 CMakeFiles/ServoPWM.dir/C_/Users/Administrador/.pico-sdk/sdk/2.1.0/src/rp2_common/pico_crt0/crt0.S.obj
 .debug_aranges
                0x00000c00       0xa0 CMakeFiles/ServoPWM.dir/C_/Users/Administrador/.pico-sdk/sdk/2.1.0/src/rp2_common/pico_clib_interface/newlib_interface.c.obj
 .debug_aranges
                0x00000ca0       0xc8 CMakeFiles/ServoPWM.dir/C_/Users/Administrador/.pico-sdk/sdk/2.1.0/src/rp2_common/pico_stdio/stdio.c.obj

.debug_rnglists
                0x00000000     0x2864
 .debug_rnglists
                0x00000000       0xe9 CMakeFiles/ServoPWM.dir/ServoPWM.c.obj
 .debug_rnglists
                0x000000e9      0x5c7 CMakeFiles/ServoPWM.dir/C_/Users/Administrador/.pico-sdk/sdk/2.1.0/src/rp2_common/hardware_gpio/gpio.c.obj
 .debug_rnglists
                0x000006b0       0x19 CMakeFiles/ServoPWM.dir/C_/Users/Administrador/.pico-sdk/sdk/2.1.0/src/rp2_common/pico_platform_panic/panic.c.obj
 .debug_rnglists
                0x000006c9       0xc5 CMakeFiles/ServoPWM.dir/C_/Users/Administrador/.pico-sdk/sdk/2.1.0/src/common/hardware_claim/claim.c.obj
 .debug_rnglists
                0x0000078e       0x67 CMakeFiles/ServoPWM.dir/C_/Users/Administrador/.pico-sdk/sdk/2.1.0/src/rp2_common/hardware_sync/sync.c.obj
 .debug_rnglists
                0x000007f5       0x3d CMakeFiles/ServoPWM.dir/C_/Users/Administrador/.pico-sdk/sdk/2.1.0/src/rp2_common/hardware_sync_spin_lock/sync_spin_lock.c.obj
 .debug_rnglists
                0x00000832      0x355 CMakeFiles/ServoPWM.dir/C_/Users/Administrador/.pico-sdk/sdk/2.1.0/src/rp2_common/hardware_irq/irq.c.obj
 .debug_rnglists
                0x00000b87       0x1f CMakeFiles/ServoPWM.dir/C_/Users/Administrador/.pico-sdk/sdk/2.1.0/src/common/pico_sync/lock_core.c.obj
 .debug_rnglists
                0x00000ba6      0x32c CMakeFiles/ServoPWM.dir/C_/Users/Administrador/.pico-sdk/sdk/2.1.0/src/common/pico_sync/mutex.c.obj
 .debug_rnglists
                0x00000ed2      0x77c CMakeFiles/ServoPWM.dir/C_/Users/Administrador/.pico-sdk/sdk/2.1.0/src/common/pico_time/time.c.obj
 .debug_rnglists
                0x0000164e      0x2c6 CMakeFiles/ServoPWM.dir/C_/Users/Administrador/.pico-sdk/sdk/2.1.0/src/rp2_common/hardware_timer/timer.c.obj
 .debug_rnglists
                0x00001914      0x4ad CMakeFiles/ServoPWM.dir/C_/Users/Administrador/.pico-sdk/sdk/2.1.0/src/rp2_common/hardware_clocks/clocks.c.obj
 .debug_rnglists
                0x00001dc1       0x5c CMakeFiles/ServoPWM.dir/C_/Users/Administrador/.pico-sdk/sdk/2.1.0/src/rp2_common/hardware_pll/pll.c.obj
 .debug_rnglists
                0x00001e1d       0x2b CMakeFiles/ServoPWM.dir/C_/Users/Administrador/.pico-sdk/sdk/2.1.0/src/rp2_common/hardware_ticks/ticks.c.obj
 .debug_rnglists
                0x00001e48      0x10c CMakeFiles/ServoPWM.dir/C_/Users/Administrador/.pico-sdk/sdk/2.1.0/src/rp2_common/pico_bootrom/bootrom.c.obj
 .debug_rnglists
                0x00001f54       0x2b CMakeFiles/ServoPWM.dir/C_/Users/Administrador/.pico-sdk/sdk/2.1.0/src/rp2_common/hardware_xosc/xosc.c.obj
 .debug_rnglists
                0x00001f7f       0x3d CMakeFiles/ServoPWM.dir/C_/Users/Administrador/.pico-sdk/sdk/2.1.0/src/rp2_common/pico_runtime/runtime.c.obj
 .debug_rnglists
                0x00001fbc       0x49 CMakeFiles/ServoPWM.dir/C_/Users/Administrador/.pico-sdk/sdk/2.1.0/src/rp2_common/pico_runtime_init/runtime_init.c.obj
 .debug_rnglists
                0x00002005       0x20 CMakeFiles/ServoPWM.dir/C_/Users/Administrador/.pico-sdk/sdk/2.1.0/src/rp2_common/pico_runtime_init/runtime_init_clocks.c.obj
 .debug_rnglists
                0x00002025       0x43 CMakeFiles/ServoPWM.dir/C_/Users/Administrador/.pico-sdk/sdk/2.1.0/src/rp2_common/pico_bit_ops/bit_ops_aeabi.S.obj
 .debug_rnglists
                0x00002068       0x2c CMakeFiles/ServoPWM.dir/C_/Users/Administrador/.pico-sdk/sdk/2.1.0/src/rp2_common/pico_divider/divider_hardware.S.obj
 .debug_rnglists
                0x00002094       0xec CMakeFiles/ServoPWM.dir/C_/Users/Administrador/.pico-sdk/sdk/2.1.0/src/rp2_common/pico_double/double_aeabi_rp2040.S.obj
 .debug_rnglists
                0x00002180       0x1a CMakeFiles/ServoPWM.dir/C_/Users/Administrador/.pico-sdk/sdk/2.1.0/src/rp2_common/pico_double/double_init_rom_rp2040.c.obj
 .debug_rnglists
                0x0000219a       0xdf CMakeFiles/ServoPWM.dir/C_/Users/Administrador/.pico-sdk/sdk/2.1.0/src/rp2_common/pico_float/float_aeabi_rp2040.S.obj
 .debug_rnglists
                0x00002279       0x19 CMakeFiles/ServoPWM.dir/C_/Users/Administrador/.pico-sdk/sdk/2.1.0/src/rp2_common/pico_float/float_init_rom_rp2040.c.obj
 .debug_rnglists
                0x00002292       0x25 CMakeFiles/ServoPWM.dir/C_/Users/Administrador/.pico-sdk/sdk/2.1.0/src/rp2_common/pico_mem_ops/mem_ops_aeabi.S.obj
 .debug_rnglists
                0x000022b7      0x27c CMakeFiles/ServoPWM.dir/C_/Users/Administrador/.pico-sdk/sdk/2.1.0/src/rp2_common/pico_printf/printf.c.obj
 .debug_rnglists
                0x00002533       0x1b CMakeFiles/ServoPWM.dir/C_/Users/Administrador/.pico-sdk/sdk/2.1.0/src/rp2_common/pico_crt0/crt0.S.obj
 .debug_rnglists
                0x0000254e       0x7f CMakeFiles/ServoPWM.dir/C_/Users/Administrador/.pico-sdk/sdk/2.1.0/src/rp2_common/pico_clib_interface/newlib_interface.c.obj
 .debug_rnglists
                0x000025cd      0x297 CMakeFiles/ServoPWM.dir/C_/Users/Administrador/.pico-sdk/sdk/2.1.0/src/rp2_common/pico_stdio/stdio.c.obj

.debug_line     0x00000000    0x1504c
 .debug_line    0x00000000      0x7be CMakeFiles/ServoPWM.dir/ServoPWM.c.obj
 .debug_line    0x000007be     0x1ce7 CMakeFiles/ServoPWM.dir/C_/Users/Administrador/.pico-sdk/sdk/2.1.0/src/rp2_common/hardware_gpio/gpio.c.obj
 .debug_line    0x000024a5      0x2ba CMakeFiles/ServoPWM.dir/C_/Users/Administrador/.pico-sdk/sdk/2.1.0/src/rp2_common/pico_platform_panic/panic.c.obj
 .debug_line    0x0000275f      0x980 CMakeFiles/ServoPWM.dir/C_/Users/Administrador/.pico-sdk/sdk/2.1.0/src/common/hardware_claim/claim.c.obj
 .debug_line    0x000030df      0x512 CMakeFiles/ServoPWM.dir/C_/Users/Administrador/.pico-sdk/sdk/2.1.0/src/rp2_common/hardware_sync/sync.c.obj
 .debug_line    0x000035f1      0x3f2 CMakeFiles/ServoPWM.dir/C_/Users/Administrador/.pico-sdk/sdk/2.1.0/src/rp2_common/hardware_sync_spin_lock/sync_spin_lock.c.obj
 .debug_line    0x000039e3     0x1776 CMakeFiles/ServoPWM.dir/C_/Users/Administrador/.pico-sdk/sdk/2.1.0/src/rp2_common/hardware_irq/irq.c.obj
 .debug_line    0x00005159      0x31d CMakeFiles/ServoPWM.dir/C_/Users/Administrador/.pico-sdk/sdk/2.1.0/src/common/pico_sync/lock_core.c.obj
 .debug_line    0x00005476     0x1b88 CMakeFiles/ServoPWM.dir/C_/Users/Administrador/.pico-sdk/sdk/2.1.0/src/common/pico_sync/mutex.c.obj
 .debug_line    0x00006ffe     0x31c6 CMakeFiles/ServoPWM.dir/C_/Users/Administrador/.pico-sdk/sdk/2.1.0/src/common/pico_time/time.c.obj
 .debug_line    0x0000a1c4     0x1d9c CMakeFiles/ServoPWM.dir/C_/Users/Administrador/.pico-sdk/sdk/2.1.0/src/rp2_common/hardware_timer/timer.c.obj
 .debug_line    0x0000bf60     0x1e70 CMakeFiles/ServoPWM.dir/C_/Users/Administrador/.pico-sdk/sdk/2.1.0/src/rp2_common/hardware_clocks/clocks.c.obj
 .debug_line    0x0000ddd0      0x548 CMakeFiles/ServoPWM.dir/C_/Users/Administrador/.pico-sdk/sdk/2.1.0/src/rp2_common/hardware_pll/pll.c.obj
 .debug_line    0x0000e318      0x37c CMakeFiles/ServoPWM.dir/C_/Users/Administrador/.pico-sdk/sdk/2.1.0/src/rp2_common/hardware_ticks/ticks.c.obj
 .debug_line    0x0000e694      0x49b CMakeFiles/ServoPWM.dir/C_/Users/Administrador/.pico-sdk/sdk/2.1.0/src/rp2_common/pico_bootrom/bootrom.c.obj
 .debug_line    0x0000eb2f      0x395 CMakeFiles/ServoPWM.dir/C_/Users/Administrador/.pico-sdk/sdk/2.1.0/src/rp2_common/hardware_xosc/xosc.c.obj
 .debug_line    0x0000eec4      0x349 CMakeFiles/ServoPWM.dir/C_/Users/Administrador/.pico-sdk/sdk/2.1.0/src/rp2_common/pico_runtime/runtime.c.obj
 .debug_line    0x0000f20d      0x58a CMakeFiles/ServoPWM.dir/C_/Users/Administrador/.pico-sdk/sdk/2.1.0/src/rp2_common/pico_runtime_init/runtime_init.c.obj
 .debug_line    0x0000f797      0x5c7 CMakeFiles/ServoPWM.dir/C_/Users/Administrador/.pico-sdk/sdk/2.1.0/src/rp2_common/pico_runtime_init/runtime_init_clocks.c.obj
 .debug_line    0x0000fd5e      0x107 CMakeFiles/ServoPWM.dir/C_/Users/Administrador/.pico-sdk/sdk/2.1.0/src/rp2_common/pico_bit_ops/bit_ops_aeabi.S.obj
 .debug_line    0x0000fe65      0x2a9 CMakeFiles/ServoPWM.dir/C_/Users/Administrador/.pico-sdk/sdk/2.1.0/src/rp2_common/pico_divider/divider_hardware.S.obj
 .debug_line    0x0001010e      0x3f3 CMakeFiles/ServoPWM.dir/C_/Users/Administrador/.pico-sdk/sdk/2.1.0/src/rp2_common/pico_double/double_aeabi_rp2040.S.obj
 .debug_line    0x00010501      0x5b0 CMakeFiles/ServoPWM.dir/C_/Users/Administrador/.pico-sdk/sdk/2.1.0/src/rp2_common/pico_double/double_init_rom_rp2040.c.obj
 .debug_line    0x00010ab1       0x5d CMakeFiles/ServoPWM.dir/C_/Users/Administrador/.pico-sdk/sdk/2.1.0/src/rp2_common/pico_double/double_v1_rom_shim_rp2040.S.obj
 .debug_line    0x00010b0e       0x61 CMakeFiles/ServoPWM.dir/C_/Users/Administrador/.pico-sdk/sdk/2.1.0/src/rp2_common/pico_int64_ops/pico_int64_ops_aeabi.S.obj
 .debug_line    0x00010b6f      0x3a8 CMakeFiles/ServoPWM.dir/C_/Users/Administrador/.pico-sdk/sdk/2.1.0/src/rp2_common/pico_float/float_aeabi_rp2040.S.obj
 .debug_line    0x00010f17      0x46c CMakeFiles/ServoPWM.dir/C_/Users/Administrador/.pico-sdk/sdk/2.1.0/src/rp2_common/pico_float/float_init_rom_rp2040.c.obj
 .debug_line    0x00011383       0x94 CMakeFiles/ServoPWM.dir/C_/Users/Administrador/.pico-sdk/sdk/2.1.0/src/rp2_common/pico_mem_ops/mem_ops_aeabi.S.obj
 .debug_line    0x00011417      0x21d CMakeFiles/ServoPWM.dir/C_/Users/Administrador/.pico-sdk/sdk/2.1.0/src/rp2_common/pico_standard_binary_info/standard_binary_info.c.obj
 .debug_line    0x00011634     0x1bc7 CMakeFiles/ServoPWM.dir/C_/Users/Administrador/.pico-sdk/sdk/2.1.0/src/rp2_common/pico_printf/printf.c.obj
 .debug_line    0x000131fb       0xa5 CMakeFiles/ServoPWM.dir/C_/Users/Administrador/.pico-sdk/sdk/2.1.0/src/rp2_common/pico_crt0/crt0.S.obj
 .debug_line    0x000132a0      0x8d0 CMakeFiles/ServoPWM.dir/C_/Users/Administrador/.pico-sdk/sdk/2.1.0/src/rp2_common/pico_clib_interface/newlib_interface.c.obj
 .debug_line    0x00013b70     0x14dc CMakeFiles/ServoPWM.dir/C_/Users/Administrador/.pico-sdk/sdk/2.1.0/src/rp2_common/pico_stdio/stdio.c.obj

.debug_str      0x00000000     0x426a
 .debug_str     0x00000000     0x426a CMakeFiles/ServoPWM.dir/ServoPWM.c.obj
                                0x491 (size before relaxing)
 .debug_str     0x0000426a      0xc90 CMakeFiles/ServoPWM.dir/C_/Users/Administrador/.pico-sdk/sdk/2.1.0/src/rp2_common/hardware_gpio/gpio.c.obj
 .debug_str     0x0000426a      0x21b CMakeFiles/ServoPWM.dir/C_/Users/Administrador/.pico-sdk/sdk/2.1.0/src/rp2_common/pico_platform_panic/panic.c.obj
 .debug_str     0x0000426a      0x39e CMakeFiles/ServoPWM.dir/C_/Users/Administrador/.pico-sdk/sdk/2.1.0/src/common/hardware_claim/claim.c.obj
 .debug_str     0x0000426a      0x347 CMakeFiles/ServoPWM.dir/C_/Users/Administrador/.pico-sdk/sdk/2.1.0/src/rp2_common/hardware_sync/sync.c.obj
 .debug_str     0x0000426a      0x25a CMakeFiles/ServoPWM.dir/C_/Users/Administrador/.pico-sdk/sdk/2.1.0/src/rp2_common/hardware_sync_spin_lock/sync_spin_lock.c.obj
 .debug_str     0x0000426a      0xa7e CMakeFiles/ServoPWM.dir/C_/Users/Administrador/.pico-sdk/sdk/2.1.0/src/rp2_common/hardware_irq/irq.c.obj
 .debug_str     0x0000426a      0x226 CMakeFiles/ServoPWM.dir/C_/Users/Administrador/.pico-sdk/sdk/2.1.0/src/common/pico_sync/lock_core.c.obj
 .debug_str     0x0000426a      0x7b9 CMakeFiles/ServoPWM.dir/C_/Users/Administrador/.pico-sdk/sdk/2.1.0/src/common/pico_sync/mutex.c.obj
 .debug_str     0x0000426a     0x11b6 CMakeFiles/ServoPWM.dir/C_/Users/Administrador/.pico-sdk/sdk/2.1.0/src/common/pico_time/time.c.obj
 .debug_str     0x0000426a      0xa01 CMakeFiles/ServoPWM.dir/C_/Users/Administrador/.pico-sdk/sdk/2.1.0/src/rp2_common/hardware_timer/timer.c.obj
 .debug_str     0x0000426a      0x9b0 CMakeFiles/ServoPWM.dir/C_/Users/Administrador/.pico-sdk/sdk/2.1.0/src/rp2_common/hardware_clocks/clocks.c.obj
 .debug_str     0x0000426a      0x479 CMakeFiles/ServoPWM.dir/C_/Users/Administrador/.pico-sdk/sdk/2.1.0/src/rp2_common/hardware_pll/pll.c.obj
 .debug_str     0x0000426a      0x2a8 CMakeFiles/ServoPWM.dir/C_/Users/Administrador/.pico-sdk/sdk/2.1.0/src/rp2_common/hardware_ticks/ticks.c.obj
 .debug_str     0x0000426a      0x356 CMakeFiles/ServoPWM.dir/C_/Users/Administrador/.pico-sdk/sdk/2.1.0/src/rp2_common/pico_bootrom/bootrom.c.obj
 .debug_str     0x0000426a      0x25d CMakeFiles/ServoPWM.dir/C_/Users/Administrador/.pico-sdk/sdk/2.1.0/src/rp2_common/hardware_xosc/xosc.c.obj
 .debug_str     0x0000426a      0x2ad CMakeFiles/ServoPWM.dir/C_/Users/Administrador/.pico-sdk/sdk/2.1.0/src/rp2_common/pico_runtime/runtime.c.obj
 .debug_str     0x0000426a      0x7a1 CMakeFiles/ServoPWM.dir/C_/Users/Administrador/.pico-sdk/sdk/2.1.0/src/rp2_common/pico_runtime_init/runtime_init.c.obj
 .debug_str     0x0000426a      0x4b5 CMakeFiles/ServoPWM.dir/C_/Users/Administrador/.pico-sdk/sdk/2.1.0/src/rp2_common/pico_runtime_init/runtime_init_clocks.c.obj
 .debug_str     0x0000426a       0xa5 CMakeFiles/ServoPWM.dir/C_/Users/Administrador/.pico-sdk/sdk/2.1.0/src/rp2_common/pico_bit_ops/bit_ops_aeabi.S.obj
 .debug_str     0x0000426a       0xa8 CMakeFiles/ServoPWM.dir/C_/Users/Administrador/.pico-sdk/sdk/2.1.0/src/rp2_common/pico_divider/divider_hardware.S.obj
 .debug_str     0x0000426a       0xaa CMakeFiles/ServoPWM.dir/C_/Users/Administrador/.pico-sdk/sdk/2.1.0/src/rp2_common/pico_double/double_aeabi_rp2040.S.obj
 .debug_str     0x0000426a      0x2fc CMakeFiles/ServoPWM.dir/C_/Users/Administrador/.pico-sdk/sdk/2.1.0/src/rp2_common/pico_double/double_init_rom_rp2040.c.obj
 .debug_str     0x0000426a       0xb0 CMakeFiles/ServoPWM.dir/C_/Users/Administrador/.pico-sdk/sdk/2.1.0/src/rp2_common/pico_double/double_v1_rom_shim_rp2040.S.obj
 .debug_str     0x0000426a       0xae CMakeFiles/ServoPWM.dir/C_/Users/Administrador/.pico-sdk/sdk/2.1.0/src/rp2_common/pico_int64_ops/pico_int64_ops_aeabi.S.obj
 .debug_str     0x0000426a       0xa8 CMakeFiles/ServoPWM.dir/C_/Users/Administrador/.pico-sdk/sdk/2.1.0/src/rp2_common/pico_float/float_aeabi_rp2040.S.obj
 .debug_str     0x0000426a      0x2c1 CMakeFiles/ServoPWM.dir/C_/Users/Administrador/.pico-sdk/sdk/2.1.0/src/rp2_common/pico_float/float_init_rom_rp2040.c.obj
 .debug_str     0x0000426a       0xa5 CMakeFiles/ServoPWM.dir/C_/Users/Administrador/.pico-sdk/sdk/2.1.0/src/rp2_common/pico_mem_ops/mem_ops_aeabi.S.obj
 .debug_str     0x0000426a      0x456 CMakeFiles/ServoPWM.dir/C_/Users/Administrador/.pico-sdk/sdk/2.1.0/src/rp2_common/pico_standard_binary_info/standard_binary_info.c.obj
 .debug_str     0x0000426a      0x4f0 CMakeFiles/ServoPWM.dir/C_/Users/Administrador/.pico-sdk/sdk/2.1.0/src/rp2_common/pico_printf/printf.c.obj
 .debug_str     0x0000426a       0x99 CMakeFiles/ServoPWM.dir/C_/Users/Administrador/.pico-sdk/sdk/2.1.0/src/rp2_common/pico_crt0/crt0.S.obj
 .debug_str     0x0000426a      0x73b CMakeFiles/ServoPWM.dir/C_/Users/Administrador/.pico-sdk/sdk/2.1.0/src/rp2_common/pico_clib_interface/newlib_interface.c.obj
 .debug_str     0x0000426a      0xadf CMakeFiles/ServoPWM.dir/C_/Users/Administrador/.pico-sdk/sdk/2.1.0/src/rp2_common/pico_stdio/stdio.c.obj

.debug_frame    0x00000000     0x19a0
 .debug_frame   0x00000000       0x4c CMakeFiles/ServoPWM.dir/ServoPWM.c.obj